Component: ARM Compiler 5.06 update 4 (build 422) Tool: armlink [4d35d2]

==============================================================================

Section Cross References

    heap_4.o(i.prvHeapInit) refers to heap_4.o(.bss) for .bss
    heap_4.o(i.prvHeapInit) refers to heap_4.o(.data) for .data
    heap_4.o(i.prvInsertBlockIntoFreeList) refers to heap_4.o(.data) for .data
    heap_4.o(i.pvPortMalloc) refers to tasks.o(i.vTaskSuspendAll) for vTaskSuspendAll
    heap_4.o(i.pvPortMalloc) refers to heap_4.o(i.prvHeapInit) for prvHeapInit
    heap_4.o(i.pvPortMalloc) refers to heap_4.o(i.prvInsertBlockIntoFreeList) for prvInsertBlockIntoFreeList
    heap_4.o(i.pvPortMalloc) refers to tasks.o(i.xTaskResumeAll) for xTaskResumeAll
    heap_4.o(i.pvPortMalloc) refers to heap_4.o(.data) for .data
    heap_4.o(i.vPortFree) refers to tasks.o(i.vTaskSuspendAll) for vTaskSuspendAll
    heap_4.o(i.vPortFree) refers to heap_4.o(i.prvInsertBlockIntoFreeList) for prvInsertBlockIntoFreeList
    heap_4.o(i.vPortFree) refers to tasks.o(i.xTaskResumeAll) for xTaskResumeAll
    heap_4.o(i.vPortFree) refers to heap_4.o(.data) for .data
    heap_4.o(i.xPortGetFreeHeapSize) refers to heap_4.o(.data) for .data
    heap_4.o(i.xPortGetMinimumEverFreeHeapSize) refers to heap_4.o(.data) for .data
    port.o(.emb_text) refers to tasks.o(i.vTaskSwitchContext) for vTaskSwitchContext
    port.o(.emb_text) refers to tasks.o(.data) for pxCurrentTCB
    port.o(i.prvTaskExitError) refers to port.o(.data) for .data
    port.o(i.pxPortInitialiseStack) refers to port.o(i.prvTaskExitError) for prvTaskExitError
    port.o(i.vPortEndScheduler) refers to port.o(.data) for .data
    port.o(i.vPortEnterCritical) refers to port.o(.data) for .data
    port.o(i.vPortExitCritical) refers to port.o(.data) for .data
    port.o(i.vPortSetupTimerInterrupt) refers to system_stm32f7xx.o(.data) for SystemCoreClock
    port.o(i.vPortValidateInterruptPriority) refers to port.o(.emb_text) for vPortGetIPSR
    port.o(i.vPortValidateInterruptPriority) refers to port.o(.data) for .data
    port.o(i.xPortStartScheduler) refers to port.o(i.vPortSetupTimerInterrupt) for vPortSetupTimerInterrupt
    port.o(i.xPortStartScheduler) refers to port.o(.emb_text) for __asm___6_port_c_39a90d8d__prvEnableVFP
    port.o(i.xPortStartScheduler) refers to port.o(.data) for .data
    port.o(i.xPortSysTickHandler) refers to tasks.o(i.xTaskIncrementTick) for xTaskIncrementTick
    cmsis_os.o(i.osDelay) refers to tasks.o(i.vTaskDelay) for vTaskDelay
    cmsis_os.o(i.osKernelRunning) refers to tasks.o(i.xTaskGetSchedulerState) for xTaskGetSchedulerState
    cmsis_os.o(i.osKernelStart) refers to tasks.o(i.vTaskStartScheduler) for vTaskStartScheduler
    cmsis_os.o(i.osKernelSysTick) refers to cmsis_os.o(i.inHandlerMode) for inHandlerMode
    cmsis_os.o(i.osKernelSysTick) refers to tasks.o(i.xTaskGetTickCountFromISR) for xTaskGetTickCountFromISR
    cmsis_os.o(i.osKernelSysTick) refers to tasks.o(i.xTaskGetTickCount) for xTaskGetTickCount
    cmsis_os.o(i.osMailAlloc) refers to cmsis_os.o(i.osPoolAlloc) for osPoolAlloc
    cmsis_os.o(i.osMailCAlloc) refers to cmsis_os.o(i.osMailAlloc) for osMailAlloc
    cmsis_os.o(i.osMailCreate) refers to heap_4.o(i.pvPortMalloc) for pvPortMalloc
    cmsis_os.o(i.osMailCreate) refers to queue.o(i.xQueueGenericCreate) for xQueueGenericCreate
    cmsis_os.o(i.osMailCreate) refers to cmsis_os.o(i.osPoolCreate) for osPoolCreate
    cmsis_os.o(i.osMailCreate) refers to heap_4.o(i.vPortFree) for vPortFree
    cmsis_os.o(i.osMailFree) refers to cmsis_os.o(i.osPoolFree) for osPoolFree
    cmsis_os.o(i.osMailGet) refers to cmsis_os.o(i.inHandlerMode) for inHandlerMode
    cmsis_os.o(i.osMailGet) refers to queue.o(i.xQueueReceiveFromISR) for xQueueReceiveFromISR
    cmsis_os.o(i.osMailGet) refers to queue.o(i.xQueueGenericReceive) for xQueueGenericReceive
    cmsis_os.o(i.osMailPut) refers to cmsis_os.o(i.inHandlerMode) for inHandlerMode
    cmsis_os.o(i.osMailPut) refers to queue.o(i.xQueueGenericSendFromISR) for xQueueGenericSendFromISR
    cmsis_os.o(i.osMailPut) refers to queue.o(i.xQueueGenericSend) for xQueueGenericSend
    cmsis_os.o(i.osMessageAvailableSpace) refers to queue.o(i.uxQueueSpacesAvailable) for uxQueueSpacesAvailable
    cmsis_os.o(i.osMessageCreate) refers to queue.o(i.xQueueGenericCreate) for xQueueGenericCreate
    cmsis_os.o(i.osMessageDelete) refers to cmsis_os.o(i.inHandlerMode) for inHandlerMode
    cmsis_os.o(i.osMessageDelete) refers to queue.o(i.vQueueDelete) for vQueueDelete
    cmsis_os.o(i.osMessageGet) refers to cmsis_os.o(i.inHandlerMode) for inHandlerMode
    cmsis_os.o(i.osMessageGet) refers to queue.o(i.xQueueReceiveFromISR) for xQueueReceiveFromISR
    cmsis_os.o(i.osMessageGet) refers to queue.o(i.xQueueGenericReceive) for xQueueGenericReceive
    cmsis_os.o(i.osMessagePeek) refers to queue.o(i.xQueueGenericReceive) for xQueueGenericReceive
[...]
    MemManage_Handler                        0x08001d0d   Thumb Code     2  stm32f7xx_it.o(i.MemManage_Handler)
    NMI_Handler                              0x08001d0f   Thumb Code     2  stm32f7xx_it.o(i.NMI_Handler)
    SysTick_Handler                          0x08001d89   Thumb Code     4  stm32f7xx_it.o(i.SysTick_Handler)
    SystemInit                               0x08001d8d   Thumb Code    68  system_stm32f7xx.o(i.SystemInit)
    TIM6_DAC_IRQHandler                      0x08001de1   Thumb Code     6  stm32f7xx_hal_timebase_tim.o(i.TIM6_DAC_IRQHandler)
    TIM_Base_SetConfig                       0x08001ded   Thumb Code   158  stm32f7xx_hal_tim.o(i.TIM_Base_SetConfig)
    UsageFault_Handler                       0x08001eb9   Thumb Code     2  stm32f7xx_it.o(i.UsageFault_Handler)
    User_notification                        0x08001ebd   Thumb Code    26  app_ethernet.o(i.User_notification)
    __0printf$6                              0x08001edd   Thumb Code    22  printf6.o(i.__0printf$6)
    __1printf$6                              0x08001edd   Thumb Code     0  printf6.o(i.__0printf$6)
    __2printf                                0x08001edd   Thumb Code     0  printf6.o(i.__0printf$6)
    __0sprintf$6                             0x08001efd   Thumb Code    34  printf6.o(i.__0sprintf$6)
    __1sprintf$6                             0x08001efd   Thumb Code     0  printf6.o(i.__0sprintf$6)
    __2sprintf                               0x08001efd   Thumb Code     0  printf6.o(i.__0sprintf$6)
    __scatterload_copy                       0x08001f47   Thumb Code    14  handlers.o(i.__scatterload_copy)
    __scatterload_null                       0x08001f55   Thumb Code     2  handlers.o(i.__scatterload_null)
    __scatterload_zeroinit                   0x08001f57   Thumb Code    14  handlers.o(i.__scatterload_zeroinit)
    dhcp_arp_reply                           0x080023a5   Thumb Code    42  dhcp.o(i.dhcp_arp_reply)
    dhcp_coarse_tmr                          0x08002591   Thumb Code   168  dhcp.o(i.dhcp_coarse_tmr)
    dhcp_fine_tmr                            0x08002b8d   Thumb Code    46  dhcp.o(i.dhcp_fine_tmr)
    dhcp_release                             0x0800369d   Thumb Code   160  dhcp.o(i.dhcp_release)
    dhcp_renew                               0x08003745   Thumb Code   178  dhcp.o(i.dhcp_renew)
    dhcp_start                               0x08003905   Thumb Code   162  dhcp.o(i.dhcp_start)
    dhcp_stop                                0x08003a35   Thumb Code    70  dhcp.o(i.dhcp_stop)
    dhcp_supplied_address                    0x08003ad9   Thumb Code    28  dhcp.o(i.dhcp_supplied_address)
    eTaskGetState                            0x08003cdd   Thumb Code    80  tasks.o(i.eTaskGetState)
    etharp_cleanup_netif                     0x08003ee5   Thumb Code    42  etharp.o(i.etharp_cleanup_netif)
    etharp_input                             0x0800415d   Thumb Code   166  etharp.o(i.etharp_input)
    etharp_output                            0x08004241   Thumb Code   272  etharp.o(i.etharp_output)
    etharp_query                             0x08004491   Thumb Code   296  etharp.o(i.etharp_query)
    etharp_request                           0x0800476d   Thumb Code     6  etharp.o(i.etharp_request)
    etharp_tmr                               0x08004799   Thumb Code    92  etharp.o(i.etharp_tmr)
    ethernet_input                           0x080048e1   Thumb Code   154  ethernet.o(i.ethernet_input)
    ethernet_output                          0x08004981   Thumb Code    98  ethernet.o(i.ethernet_output)
    ethernetif_init                          0x08004a45   Thumb Code    50  ethernetif.o(i.ethernetif_init)
    fputc                                    0x08004b01   Thumb Code    18  fputc.o(i.fputc)
    fs_close                                 0x08004b13   Thumb Code     2  fs.o(i.fs_close)
    fs_open                                  0x08004b15   Thumb Code    64  fs.o(i.fs_open)
    http_server_netconn_init                 0x08004b59   Thumb Code    22  httpserver-netconn.o(i.http_server_netconn_init)
    icmp_dest_unreach                        0x08004d35   Thumb Code     8  icmp.o(i.icmp_dest_unreach)
    icmp_input                               0x08004d3d   Thumb Code   284  icmp.o(i.icmp_input)
    icmp_time_exceeded                       0x08004fcd   Thumb Code     8  icmp.o(i.icmp_time_exceeded)
    inet_chksum_pbuf                         0x08004fe1   Thumb Code    72  inet_chksum.o(i.inet_chksum_pbuf)
    ip4_addr_isbroadcast_u32                 0x08005029   Thumb Code    46  ip4_addr.o(i.ip4_addr_isbroadcast_u32)
    ip4_frag                                 0x08005059   Thumb Code   390  ip4_frag.o(i.ip4_frag)
    ip4_input                                0x08005275   Thumb Code   438  ip4.o(i.ip4_input)
    ip4_output_if                            0x08005435   Thumb Code    30  ip4.o(i.ip4_output_if)
    ip4_output_if_src                        0x08005455   Thumb Code   206  ip4.o(i.ip4_output_if_src)
    ip4_reass                                0x08005595   Thumb Code   432  ip4_frag.o(i.ip4_reass)
    ip4_route                                0x08005749   Thumb Code    82  ip4.o(i.ip4_route)
    ip_reass_tmr                             0x08005c79   Thumb Code    40  ip4_frag.o(i.ip_reass_tmr)
    lwip_htonl                               0x08005f5d   Thumb Code     4  def.o(i.lwip_htonl)
    lwip_htons                               0x08005f61   Thumb Code     4  def.o(i.lwip_htons)
    lwip_init                                0x08005f65   Thumb Code    34  init.o(i.lwip_init)
    lwip_netconn_do_bind                     0x08005f87   Thumb Code    96  api_msg.o(i.lwip_netconn_do_bind)
    lwip_netconn_do_close                    0x08005fe9   Thumb Code   216  api_msg.o(i.lwip_netconn_do_close)
    lwip_netconn_do_delconn                  0x080063bd   Thumb Code   288  api_msg.o(i.lwip_netconn_do_delconn)
    lwip_netconn_do_listen                   0x08006545   Thumb Code   218  api_msg.o(i.lwip_netconn_do_listen)
    lwip_netconn_do_newconn                  0x08006625   Thumb Code    56  api_msg.o(i.lwip_netconn_do_newconn)
    lwip_netconn_do_recv                     0x0800665d   Thumb Code    96  api_msg.o(i.lwip_netconn_do_recv)
    lwip_netconn_do_write                    0x080066bd   Thumb Code   224  api_msg.o(i.lwip_netconn_do_write)
    lwip_standard_chksum                     0x08006ab9   Thumb Code    92  inet_chksum.o(i.lwip_standard_chksum)
    main                                     0x08006b15   Thumb Code   138  main.o(i.main)
    mem_free                                 0x08006bb5   Thumb Code   138  mem.o(i.mem_free)
    mem_init                                 0x08006cfd   Thumb Code    72  mem.o(i.mem_init)
    mem_malloc                               0x08006dd1   Thumb Code   274  mem.o(i.mem_malloc)
    mem_trim                                 0x08006ff1   Thumb Code   274  mem.o(i.mem_trim)
    memp_free                                0x080071a9   Thumb Code    34  memp.o(i.memp_free)
    memp_init                                0x08007255   Thumb Code    26  memp.o(i.memp_init)
    memp_init_pool                           0x08007275   Thumb Code    42  memp.o(i.memp_init_pool)
    memp_malloc                              0x080072a1   Thumb Code    38  memp.o(i.memp_malloc)
    netbuf_data                              0x08007355   Thumb Code    72  netbuf.o(i.netbuf_data)
    netbuf_delete                            0x0800745d   Thumb Code    34  netbuf.o(i.netbuf_delete)
    netconn_accept                           0x08007481   Thumb Code   148  api_lib.o(i.netconn_accept)
    netconn_alloc                            0x08007585   Thumb Code   122  api_msg.o(i.netconn_alloc)
    netconn_bind                             0x0800766d   Thumb Code    50  api_lib.o(i.netconn_bind)
    netconn_close                            0x080076f1   Thumb Code     6  api_lib.o(i.netconn_close)
    netconn_delete                           0x08007779   Thumb Code    40  api_lib.o(i.netconn_delete)
    netconn_free                             0x08007845   Thumb Code    98  api_msg.o(i.netconn_free)
    netconn_listen_with_backlog              0x0800797d   Thumb Code    40  api_lib.o(i.netconn_listen_with_backlog)
    netconn_new_with_proto_and_callback      0x080079f5   Thumb Code   150  api_lib.o(i.netconn_new_with_proto_and_callback)
    netconn_recv                             0x08007b39   Thumb Code   146  api_lib.o(i.netconn_recv)
    netconn_write_partly                     0x08007ded   Thumb Code   128  api_lib.o(i.netconn_write_partly)
    netif_add                                0x08007edd   Thumb Code   108  netif.o(i.netif_add)
    netif_init                               0x08007fcd   Thumb Code     2  netif.o(i.netif_init)
    netif_set_addr                           0x08007fe9   Thumb Code    72  netif.o(i.netif_set_addr)
    netif_set_default                        0x08008031   Thumb Code     6  netif.o(i.netif_set_default)
    netif_set_down                           0x0800803d   Thumb Code    26  netif.o(i.netif_set_down)
    netif_set_gw                             0x08008057   Thumb Code     8  netif.o(i.netif_set_gw)
    netif_set_ipaddr                         0x08008061   Thumb Code    60  netif.o(i.netif_set_ipaddr)
    netif_set_netmask                        0x080080a1   Thumb Code     8  netif.o(i.netif_set_netmask)
    netif_set_up                             0x080080a9   Thumb Code    28  netif.o(i.netif_set_up)
    osDelay                                  0x080080c5   Thumb Code    14  cmsis_os.o(i.osDelay)
    osKernelStart                            0x080080d3   Thumb Code    10  cmsis_os.o(i.osKernelStart)
    osKernelSysTick                          0x080080dd   Thumb Code    24  cmsis_os.o(i.osKernelSysTick)
    osMessageCreate                          0x080080f5   Thumb Code    10  cmsis_os.o(i.osMessageCreate)
    osMessageDelete                          0x080080ff   Thumb Code    24  cmsis_os.o(i.osMessageDelete)
    osMessageGet                             0x08008119   Thumb Code   146  cmsis_os.o(i.osMessageGet)
    osMessagePut                             0x080081b1   Thumb Code    88  cmsis_os.o(i.osMessagePut)
    osMessageWaiting                         0x0800820d   Thumb Code    30  cmsis_os.o(i.osMessageWaiting)
    osMutexCreate                            0x0800822b   Thumb Code     6  cmsis_os.o(i.osMutexCreate)
    osMutexRelease                           0x08008231   Thumb Code    74  cmsis_os.o(i.osMutexRelease)
    osMutexWait                              0x08008281   Thumb Code   102  cmsis_os.o(i.osMutexWait)
    osSemaphoreCreate                        0x080082ed   Thumb Code    44  cmsis_os.o(i.osSemaphoreCreate)
    osSemaphoreDelete                        0x08008319   Thumb Code    24  cmsis_os.o(i.osSemaphoreDelete)
    osSemaphoreRelease                       0x08008331   Thumb Code    74  cmsis_os.o(i.osSemaphoreRelease)
    osSemaphoreWait                          0x08008381   Thumb Code   102  cmsis_os.o(i.osSemaphoreWait)
    osSystickHandler                         0x080083ed   Thumb Code    20  cmsis_os.o(i.osSystickHandler)
    osThreadCreate                           0x08008401   Thumb Code    46  cmsis_os.o(i.osThreadCreate)
    osThreadList                             0x0800842f   Thumb Code    10  cmsis_os.o(i.osThreadList)
    osThreadTerminate                        0x08008439   Thumb Code    10  cmsis_os.o(i.osThreadTerminate)
    pbuf_alloc                               0x08008445   Thumb Code   466  pbuf.o(i.pbuf_alloc)
    pbuf_alloced_custom                      0x080087c1   Thumb Code    98  pbuf.o(i.pbuf_alloced_custom)
    pbuf_cat                                 0x080088b1   Thumb Code    96  pbuf.o(i.pbuf_cat)
    pbuf_chain                               0x080089f1   Thumb Code    18  pbuf.o(i.pbuf_chain)
    pbuf_clen                                0x08008a03   Thumb Code    18  pbuf.o(i.pbuf_clen)
    pbuf_copy                                0x08008a15   Thumb Code   244  pbuf.o(i.pbuf_copy)
    pbuf_copy_partial                        0x08008c11   Thumb Code   126  pbuf.o(i.pbuf_copy_partial)
    pbuf_free                                0x08008d3d   Thumb Code   194  pbuf.o(i.pbuf_free)
    pbuf_header                              0x08008ec9   Thumb Code     6  pbuf.o(i.pbuf_header)
    pbuf_header_force                        0x08008ecf   Thumb Code     6  pbuf.o(i.pbuf_header_force)
    pbuf_realloc                             0x08009009   Thumb Code   198  pbuf.o(i.pbuf_realloc)
    pbuf_ref                                 0x080091b5   Thumb Code    46  pbuf.o(i.pbuf_ref)
    pvPortMalloc                             0x08009a09   Thumb Code   222  heap_4.o(i.pvPortMalloc)
    pvTaskIncrementMutexHeldCount            0x08009aed   Thumb Code    18  tasks.o(i.pvTaskIncrementMutexHeldCount)
    pxPortInitialiseStack                    0x08009b05   Thumb Code    42  port.o(i.pxPortInitialiseStack)
    sys_arch_mbox_fetch                      0x08009e7d   Thumb Code    70  sys_arch.o(i.sys_arch_mbox_fetch)
    sys_arch_mbox_tryfetch                   0x08009ec3   Thumb Code    34  sys_arch.o(i.sys_arch_mbox_tryfetch)
    sys_arch_protect                         0x08009ee5   Thumb Code    18  sys_arch.o(i.sys_arch_protect)
    sys_arch_sem_wait                        0x08009efd   Thumb Code    56  sys_arch.o(i.sys_arch_sem_wait)
    sys_arch_unprotect                       0x08009f35   Thumb Code     8  sys_arch.o(i.sys_arch_unprotect)
    sys_init                                 0x08009f99   Thumb Code    14  sys_arch.o(i.sys_init)
    sys_mbox_free                            0x08009fb1   Thumb Code    20  sys_arch.o(i.sys_mbox_free)
    sys_mbox_new                             0x08009fc5   Thumb Code    34  sys_arch.o(i.sys_mbox_new)
    sys_mbox_set_invalid                     0x08009fed   Thumb Code     6  sys_arch.o(i.sys_mbox_set_invalid)
    sys_mbox_trypost                         0x08009ff3   Thumb Code    20  sys_arch.o(i.sys_mbox_trypost)
    sys_mbox_valid                           0x0800a007   Thumb Code    10  sys_arch.o(i.sys_mbox_valid)
    sys_mutex_lock                           0x0800a011   Thumb Code    10  sys_arch.o(i.sys_mutex_lock)
    sys_mutex_new                            0x0800a01b   Thumb Code    28  sys_arch.o(i.sys_mutex_new)
    sys_mutex_unlock                         0x0800a037   Thumb Code     6  sys_arch.o(i.sys_mutex_unlock)
    sys_now                                  0x0800a03d   Thumb Code     4  ethernetif.o(i.sys_now)
    sys_sem_free                             0x0800a041   Thumb Code     6  sys_arch.o(i.sys_sem_free)
    sys_sem_new                              0x0800a047   Thumb Code    42  sys_arch.o(i.sys_sem_new)
    sys_sem_set_invalid                      0x0800a071   Thumb Code     6  sys_arch.o(i.sys_sem_set_invalid)
    sys_sem_signal                           0x0800a077   Thumb Code     6  sys_arch.o(i.sys_sem_signal)
    sys_sem_valid                            0x0800a07d   Thumb Code    10  sys_arch.o(i.sys_sem_valid)
    sys_thread_new                           0x0800a087   Thumb Code    48  sys_arch.o(i.sys_thread_new)
    sys_timeout                              0x0800a0b9   Thumb Code   156  timeouts.o(i.sys_timeout)
    sys_timeouts_init                        0x0800a1c5   Thumb Code    38  timeouts.o(i.sys_timeouts_init)
    sys_timeouts_mbox_fetch                  0x0800a1f9   Thumb Code    66  timeouts.o(i.sys_timeouts_mbox_fetch)
    tcp_abandon                              0x0800a241   Thumb Code   222  tcp.o(i.tcp_abandon)
    tcp_abort                                0x0800a3c1   Thumb Code     6  tcp.o(i.tcp_abort)
    tcp_accept                               0x0800a3c7   Thumb Code    14  tcp.o(i.tcp_accept)
    tcp_alloc                                0x0800a3e5   Thumb Code   248  tcp.o(i.tcp_alloc)
    tcp_arg                                  0x0800a4e9   Thumb Code     8  tcp.o(i.tcp_arg)
    tcp_bind                                 0x0800a4f1   Thumb Code   152  tcp.o(i.tcp_bind)
    tcp_close                                0x0800a625   Thumb Code    20  tcp.o(i.tcp_close)
    tcp_eff_send_mss_impl                    0x0800a999   Thumb Code    34  tcp.o(i.tcp_eff_send_mss_impl)
    tcp_enqueue_flags                        0x0800a9bd   Thumb Code   260  tcp_out.o(i.tcp_enqueue_flags)
    tcp_err                                  0x0800ab99   Thumb Code    34  tcp.o(i.tcp_err)
    tcp_fasttmr                              0x0800ac4d   Thumb Code   102  tcp.o(i.tcp_fasttmr)
    tcp_init                                 0x0800ace9   Thumb Code     2  tcp.o(i.tcp_init)
    tcp_input                                0x0800aced   Thumb Code  1448  tcp_in.o(i.tcp_input)
    tcp_keepalive                            0x0800b2d5   Thumb Code    82  tcp_out.o(i.tcp_keepalive)
    tcp_listen_with_backlog_and_err          0x0800b5c5   Thumb Code   158  tcp.o(i.tcp_listen_with_backlog_and_err)
    tcp_netif_ip_addr_changed                0x0800b6f9   Thumb Code    72  tcp.o(i.tcp_netif_ip_addr_changed)
    tcp_new_ip_type                          0x0800b767   Thumb Code     6  tcp.o(i.tcp_new_ip_type)
    tcp_next_iss                             0x0800b7c9   Thumb Code    12  tcp.o(i.tcp_next_iss)
    tcp_output                               0x0800b7d9   Thumb Code   562  tcp_out.o(i.tcp_output)
    tcp_pcb_purge                            0x0800bd29   Thumb Code    58  tcp.o(i.tcp_pcb_purge)
    tcp_pcb_remove                           0x0800bd65   Thumb Code   122  tcp.o(i.tcp_pcb_remove)
    tcp_poll                                 0x0800be7d   Thumb Code    36  tcp.o(i.tcp_poll)
    tcp_process_refused_data                 0x0800c381   Thumb Code   106  tcp.o(i.tcp_process_refused_data)
    tcp_recv                                 0x0800ca31   Thumb Code    32  tcp.o(i.tcp_recv)
    tcp_recv_null                            0x0800cae1   Thumb Code    36  tcp.o(i.tcp_recv_null)
    tcp_recved                               0x0800cb05   Thumb Code   108  tcp.o(i.tcp_recved)
    tcp_rexmit                               0x0800cc25   Thumb Code    86  tcp_out.o(i.tcp_rexmit)
    tcp_rexmit_fast                          0x0800cc7b   Thumb Code    88  tcp_out.o(i.tcp_rexmit_fast)
    tcp_rexmit_rto                           0x0800ccd3   Thumb Code    48  tcp_out.o(i.tcp_rexmit_rto)
    tcp_rst                                  0x0800cd05   Thumb Code   148  tcp_out.o(i.tcp_rst)
    tcp_seg_free                             0x0800cdf5   Thumb Code    28  tcp.o(i.tcp_seg_free)
    tcp_segs_free                            0x0800ce11   Thumb Code    18  tcp.o(i.tcp_segs_free)
    tcp_send_empty_ack                       0x0800ce23   Thumb Code   114  tcp_out.o(i.tcp_send_empty_ack)
    tcp_send_fin                             0x0800ce95   Thumb Code    68  tcp_out.o(i.tcp_send_fin)
    tcp_sent                                 0x0800ced9   Thumb Code    32  tcp.o(i.tcp_sent)
    tcp_shutdown                             0x0800cf89   Thumb Code    78  tcp.o(i.tcp_shutdown)
    tcp_slowtmr                              0x0800cfd9   Thumb Code   754  tcp.o(i.tcp_slowtmr)
    tcp_timer_needed                         0x0800d4a5   Thumb Code    36  timeouts.o(i.tcp_timer_needed)
    tcp_tmr                                  0x0800d541   Thumb Code    28  tcp.o(i.tcp_tmr)
    tcp_trigger_input_pcb_close              0x0800d561   Thumb Code    12  tcp_in.o(i.tcp_trigger_input_pcb_close)
    tcp_update_rcv_ann_wnd                   0x0800d571   Thumb Code    76  tcp.o(i.tcp_update_rcv_ann_wnd)
    tcp_write                                0x0800d641   Thumb Code  1620  tcp_out.o(i.tcp_write)
    tcp_zero_window_probe                    0x0800dda1   Thumb Code   174  tcp_out.o(i.tcp_zero_window_probe)
    tcpip_init                               0x0800de51   Thumb Code    88  tcpip.o(i.tcpip_init)
    tcpip_inpkt                              0x0800df69   Thumb Code    84  tcpip.o(i.tcpip_inpkt)
    tcpip_input                              0x0800e039   Thumb Code    20  tcpip.o(i.tcpip_input)
    tcpip_send_msg_wait_sem                  0x0800e055   Thumb Code    26  tcpip.o(i.tcpip_send_msg_wait_sem)
    udp_bind                                 0x0800e1b5   Thumb Code   174  udp.o(i.udp_bind)
    udp_connect                              0x0800e26d   Thumb Code    76  udp.o(i.udp_connect)
    udp_init                                 0x0800e2bd   Thumb Code     2  udp.o(i.udp_init)
    udp_input                                0x0800e2c1   Thumb Code   294  udp.o(i.udp_input)
    udp_netif_ip_addr_changed                0x0800e46d   Thumb Code    48  udp.o(i.udp_netif_ip_addr_changed)
    udp_new                                  0x0800e4a1   Thumb Code    26  udp.o(i.udp_new)
    udp_new_ip_type                          0x0800e4bb   Thumb Code     4  udp.o(i.udp_new_ip_type)
    udp_recv                                 0x0800e4bf   Thumb Code     6  udp.o(i.udp_recv)
    udp_remove                               0x0800e4c5   Thumb Code    42  udp.o(i.udp_remove)
    udp_sendto_if                            0x0800e4f5   Thumb Code    54  udp.o(i.udp_sendto_if)
    udp_sendto_if_src                        0x0800e52d   Thumb Code   186  udp.o(i.udp_sendto_if_src)
    uxListRemove                             0x0800e681   Thumb Code    36  list.o(i.uxListRemove)
    uxQueueMessagesWaiting                   0x0800e6a5   Thumb Code    40  queue.o(i.uxQueueMessagesWaiting)
    uxQueueMessagesWaitingFromISR            0x0800e6cd   Thumb Code    26  queue.o(i.uxQueueMessagesWaitingFromISR)
    uxTaskGetSystemState                     0x0800e6e9   Thumb Code   142  tasks.o(i.uxTaskGetSystemState)
    vListInitialise                          0x0800e781   Thumb Code    22  list.o(i.vListInitialise)
    vListInitialiseItem                      0x0800e797   Thumb Code     6  list.o(i.vListInitialiseItem)
    vListInsert                              0x0800e79d   Thumb Code    48  list.o(i.vListInsert)
    vListInsertEnd                           0x0800e7cd   Thumb Code    24  list.o(i.vListInsertEnd)
    vPortEnterCritical                       0x0800e7e5   Thumb Code    62  port.o(i.vPortEnterCritical)
    vPortExitCritical                        0x0800e82d   Thumb Code    38  port.o(i.vPortExitCritical)
    vPortFree                                0x0800e859   Thumb Code    96  heap_4.o(i.vPortFree)
    vPortSetupTimerInterrupt                 0x0800e8bd   Thumb Code    26  port.o(i.vPortSetupTimerInterrupt)
    vPortValidateInterruptPriority           0x0800e8dd   Thumb Code    82  port.o(i.vPortValidateInterruptPriority)
    vQueueDelete                             0x0800e939   Thumb Code    40  queue.o(i.vQueueDelete)
    vQueueUnregisterQueue                    0x0800e961   Thumb Code    36  queue.o(i.vQueueUnregisterQueue)
    vTaskDelay                               0x0800e989   Thumb Code    70  tasks.o(i.vTaskDelay)
    vTaskDelete                              0x0800e9d9   Thumb Code   162  tasks.o(i.vTaskDelete)
    vTaskGetInfo                             0x0800ea89   Thumb Code    90  tasks.o(i.vTaskGetInfo)
    vTaskList                                0x0800eae9   Thumb Code   190  tasks.o(i.vTaskList)
    vTaskMissedYield                         0x0800ebbd   Thumb Code     8  tasks.o(i.vTaskMissedYield)
    vTaskPlaceOnEventList                    0x0800ebc9   Thumb Code    48  tasks.o(i.vTaskPlaceOnEventList)
    vTaskPriorityInherit                     0x0800ebfd   Thumb Code   128  tasks.o(i.vTaskPriorityInherit)
    vTaskSetTimeOutState                     0x0800ec85   Thumb Code    34  tasks.o(i.vTaskSetTimeOutState)
    vTaskStartScheduler                      0x0800ecad   Thumb Code    94  tasks.o(i.vTaskStartScheduler)
    vTaskSuspendAll                          0x0800ed1d   Thumb Code    10  tasks.o(i.vTaskSuspendAll)
    vTaskSwitchContext                       0x0800ed2d   Thumb Code    86  tasks.o(i.vTaskSwitchContext)
    xPortStartScheduler                      0x0800ed8d   Thumb Code   152  port.o(i.xPortStartScheduler)
    xPortSysTickHandler                      0x0800ee35   Thumb Code    42  port.o(i.xPortSysTickHandler)
    xQueueCreateCountingSemaphore            0x0800ee65   Thumb Code    66  queue.o(i.xQueueCreateCountingSemaphore)
    xQueueCreateMutex                        0x0800eea7   Thumb Code    36  queue.o(i.xQueueCreateMutex)
    xQueueGenericCreate                      0x0800eecb   Thumb Code    86  queue.o(i.xQueueGenericCreate)
    xQueueGenericReceive                     0x0800ef21   Thumb Code   376  queue.o(i.xQueueGenericReceive)
    xQueueGenericReset                       0x0800f09d   Thumb Code   148  queue.o(i.xQueueGenericReset)
    xQueueGenericSend                        0x0800f135   Thumb Code   362  queue.o(i.xQueueGenericSend)
    xQueueGenericSendFromISR                 0x0800f2a5   Thumb Code   204  queue.o(i.xQueueGenericSendFromISR)
    xQueueGiveFromISR                        0x0800f371   Thumb Code   172  queue.o(i.xQueueGiveFromISR)
    xQueueReceiveFromISR                     0x0800f41d   Thumb Code   168  queue.o(i.xQueueReceiveFromISR)
    xTaskCheckForTimeOut                     0x0800f4c5   Thumb Code   106  tasks.o(i.xTaskCheckForTimeOut)
    xTaskCreate                              0x0800f535   Thumb Code    86  tasks.o(i.xTaskCreate)
    xTaskGetSchedulerState                   0x0800f58d   Thumb Code    22  tasks.o(i.xTaskGetSchedulerState)
    xTaskGetTickCount                        0x0800f5a9   Thumb Code     6  tasks.o(i.xTaskGetTickCount)
    xTaskGetTickCountFromISR                 0x0800f5b5   Thumb Code    12  tasks.o(i.xTaskGetTickCountFromISR)
    xTaskIncrementTick                       0x0800f5c5   Thumb Code   196  tasks.o(i.xTaskIncrementTick)
    xTaskPriorityDisinherit                  0x0800f691   Thumb Code   158  tasks.o(i.xTaskPriorityDisinherit)
    xTaskRemoveFromEventList                 0x0800f739   Thumb Code   112  tasks.o(i.xTaskRemoveFromEventList)
    xTaskResumeAll                           0x0800f7b1   Thumb Code   188  tasks.o(i.xTaskResumeAll)
    AHBPrescTable                            0x0800f878   Data          16  system_stm32f7xx.o(.constdata)
    APBPrescTable                            0x0800f888   Data           8  system_stm32f7xx.o(.constdata)
    BUTTON_IRQn                              0x0800f890   Data           1  stm32f7xx_nucleo_144.o(.constdata)
    BUTTON_PIN                               0x0800f892   Data           2  stm32f7xx_nucleo_144.o(.constdata)
    GPIO_PIN                                 0x0800f894   Data           6  stm32f7xx_nucleo_144.o(.constdata)
    ip_addr_any                              0x0800f89c   Data           4  ip4_addr.o(.constdata)
    ip_addr_broadcast                        0x0800f8a0   Data           4  ip4_addr.o(.constdata)
    ethbroadcast                             0x0800f8a4   Data           6  ethernet.o(.constdata)
    ethzero                                  0x0800f8aa   Data           6  ethernet.o(.constdata)
    os_mutex_def_lwip_sys_mutex              0x0800f8b0   Data           4  sys_arch.o(.constdata)
    memp_UDP_PCB                             0x0800ff34   Data          12  memp.o(.constdata)
    memp_TCP_PCB                             0x0800ff40   Data          12  memp.o(.constdata)
    memp_TCP_PCB_LISTEN                      0x0800ff4c   Data          12  memp.o(.constdata)
    memp_TCP_SEG                             0x0800ff58   Data          12  memp.o(.constdata)
    memp_REASSDATA                           0x0800ff64   Data          12  memp.o(.constdata)
    memp_FRAG_PBUF                           0x0800ff70   Data          12  memp.o(.constdata)
    memp_NETBUF                              0x0800ff7c   Data          12  memp.o(.constdata)
    memp_NETCONN                             0x0800ff88   Data          12  memp.o(.constdata)
    memp_TCPIP_MSG_API                       0x0800ff94   Data          12  memp.o(.constdata)
    memp_TCPIP_MSG_INPKT                     0x0800ffa0   Data          12  memp.o(.constdata)
    memp_SYS_TIMEOUT                         0x0800ffac   Data          12  memp.o(.constdata)
    memp_PBUF                                0x0800ffb8   Data          12  memp.o(.constdata)
    memp_PBUF_POOL                           0x0800ffc4   Data          12  memp.o(.constdata)
    memp_pools                               0x0800ffd0   Data          52  memp.o(.constdata)
    lwip_cyclic_timers                       0x08010004   Data          40  timeouts.o(.constdata)
    tcp_pcb_lists                            0x08010070   Data          16  tcp.o(.constdata)
    file__STM32F7xx_files_logo_jpg           0x08018ce8   Data          20  fs.o(.constdata)
    file__STM32F7xx_files_ST_gif             0x08018cfc   Data          20  fs.o(.constdata)
    file__STM32F7xx_files_stm32_jpg          0x08018d10   Data          20  fs.o(.constdata)
    file__404_html                           0x08018d24   Data          20  fs.o(.constdata)
    file__STM32F7xx_html                     0x08018d38   Data          20  fs.o(.constdata)
    Region$$Table$$Base                      0x080191f8   Number         0  anon$$obj.o(Region$$Table)
    Region$$Table$$Limit                     0x08019218   Number         0  anon$$obj.o(Region$$Table)
    SystemCoreClock                          0x20000024   Data           4  system_stm32f7xx.o(.data)
    BUTTON_PORT                              0x20000028   Data           4  stm32f7xx_nucleo_144.o(.data)
    GPIO_PORT                                0x2000002c   Data          12  stm32f7xx_nucleo_144.o(.data)
    dhcp_rx_options_given                    0x2000004c   Data           8  dhcp.o(.data)
    pxCurrentTCB                             0x20000058   Data           4  tasks.o(.data)
    netconn_aborted                          0x20000094   Data           1  api_msg.o(.data)
    lock_tcpip_core                          0x200000a4   Data           4  tcpip.o(.data)
    lwip_sys_mutex                           0x200000a8   Data           4  sys_arch.o(.data)
    DHCP_state                               0x200000ac   Data           1  app_ethernet.o(.data)
    nPageHits                                0x200000b0   Data           4  httpserver-netconn.o(.data)
    s_xSemaphore                             0x200000b4   Data           4  ethernetif.o(.data)
    udp_pcbs                                 0x200000bc   Data           4  udp.o(.data)
    tcp_input_pcb                            0x20000130   Data           4  tcp_in.o(.data)
    tcp_active_pcbs_changed                  0x20000134   Data           1  tcp.o(.data)
    tcp_ticks                                0x20000140   Data           4  tcp.o(.data)
    tcp_bound_pcbs                           0x20000144   Data           4  tcp.o(.data)
    tcp_listen_pcbs                          0x20000148   Data           4  tcp.o(.data)
    tcp_active_pcbs                          0x2000014c   Data           4  tcp.o(.data)
    tcp_tw_pcbs                              0x20000150   Data           4  tcp.o(.data)
    netif_list                               0x20000158   Data           4  netif.o(.data)
    netif_default                            0x2000015c   Data           4  netif.o(.data)
    uwTickFreq                               0x20000160   Data           1  stm32f7xx_hal.o(.data)
    uwTickPrio                               0x20000164   Data           4  stm32f7xx_hal.o(.data)
    uwTick                                   0x20000168   Data           4  stm32f7xx_hal.o(.data)
    __stdout                                 0x20000170   Data           4  stdout.o(.data)
    dhcp_rx_options_val                      0x20005174   Data          32  dhcp.o(.bss)
    xQueueRegistry                           0x20005284   Data          64  queue.o(.bss)
    gnetif                                   0x200053a0   Data          56  main.o(.bss)
    EthHandle                                0x200053d8   Data          72  ethernetif.o(.bss)
    TimHandle                                0x20005420   Data          64  stm32f7xx_hal_timebase_tim.o(.bss)
    memp_memory_UDP_PCB_base                 0x20005460   Data         195  memp.o(.bss)
    memp_memory_TCP_PCB_base                 0x20005523   Data        1483  memp.o(.bss)
    memp_memory_TCP_PCB_LISTEN_base          0x20005aee   Data         143  memp.o(.bss)
    memp_memory_TCP_SEG_base                 0x20005b7d   Data         131  memp.o(.bss)
    memp_memory_REASSDATA_base               0x20005c00   Data         163  memp.o(.bss)
    memp_memory_FRAG_PBUF_base               0x20005ca3   Data         363  memp.o(.bss)
    memp_memory_NETBUF_base                  0x20005e0e   Data          35  memp.o(.bss)
    memp_memory_NETCONN_base                 0x20005e31   Data         163  memp.o(.bss)
    memp_memory_TCPIP_MSG_API_base           0x20005ed4   Data         131  memp.o(.bss)
    memp_memory_TCPIP_MSG_INPKT_base         0x20005f57   Data         131  memp.o(.bss)
    memp_memory_SYS_TIMEOUT_base             0x20005fda   Data         163  memp.o(.bss)
    memp_memory_PBUF_base                    0x2000607d   Data         163  memp.o(.bss)
    memp_memory_PBUF_POOL_base               0x20006120   Data       12323  memp.o(.bss)
    ram_heap                                 0x20009143   Data       10259  mem.o(.bss)
    ip_data                                  0x2000b958   Data          24  ip.o(.bss)
    __initial_sp                             0x2000bde0   Data           0  startup_stm32f746xx.o(STACK)
    DMARxDscrTab                             0x2004c000   Data         128  ethernetif.o(.ARM.__AT_0x2004C000)
    DMATxDscrTab                             0x2004c080   Data         128  ethernetif.o(.ARM.__AT_0x2004C080)
    Rx_Buff                                  0x2004c100   Data        6096  ethernetif.o(.ARM.__AT_0x2004C100)
    Tx_Buff                                  0x2004d8d0   Data        6096  ethernetif.o(.ARM.__AT_0x2004D8D0)



==============================================================================

Memory Map of the image

  Image Entry point : 0x080001c9

  Load Region LR_IROM1 (Base: 0x08000000, Size: 0x0001938c, Max: 0x00100000, ABSOLUTE, COMPRESSED[0x0001923c])

    Execution Region ER_IROM1 (Base: 0x08000000, Size: 0x00019218, Max: 0x00100000, ABSOLUTE)

    Base Addr    Size         Type   Attr      Idx    E Section Name        Object

    0x08000000   0x000001c8   Data   RO         8010    RESET               startup_stm32f746xx.o
    0x080001c8   0x00000000   Code   RO         8609  * .ARM.Collect$$$$00000000  mc_w.l(entry.o)
    0x080001c8   0x00000004   Code   RO         8900    .ARM.Collect$$$$00000001  mc_w.l(entry2.o)
    0x080001cc   0x00000004   Code   RO         8903    .ARM.Collect$$$$00000004  mc_w.l(entry5.o)
    0x080001d0   0x00000000   Code   RO         8905    .ARM.Collect$$$$00000008  mc_w.l(entry7b.o)
    0x080001d0   0x00000000   Code   RO         8907    .ARM.Collect$$$$0000000A  mc_w.l(entry8b.o)
    0x080001d0   0x00000008   Code   RO         8908    .ARM.Collect$$$$0000000B  mc_w.l(entry9a.o)
    0x080001d8   0x00000000   Code   RO         8910    .ARM.Collect$$$$0000000D  mc_w.l(entry10a.o)
    0x080001d8   0x00000000   Code   RO         8912    .ARM.Collect$$$$0000000F  mc_w.l(entry11a.o)
    0x080001d8   0x00000004   Code   RO         8901    .ARM.Collect$$$$00002712  mc_w.l(entry2.o)
    0x080001dc   0x000000ba   Code   RO           89    .emb_text           port.o
    0x08000296   0x00000002   PAD
    0x08000298   0x00000024   Code   RO         8011    .text               startup_stm32f746xx.o
    0x080002bc   0x00000062   Code   RO         8612    .text               mc_w.l(uldiv.o)
    0x0800031e   0x00000002   PAD
    0x08000320   0x00000024   Code   RO         8614    .text               mc_w.l(rand.o)
    0x08000344   0x00000024   Code   RO         8619    .text               mc_w.l(memcpya.o)
    0x08000368   0x00000024   Code   RO         8621    .text               mc_w.l(memseta.o)
    0x0800038c   0x00000018   Code   RO         8623    .text               mc_w.l(strcat.o)
    0x080003a4   0x0000000e   Code   RO         8627    .text               mc_w.l(strlen.o)
    0x080003b2   0x0000001c   Code   RO         8629    .text               mc_w.l(strcmp.o)
    0x080003ce   0x0000001a   Code   RO         8631    .text               mc_w.l(memcmp.o)
    0x080003e8   0x00000012   Code   RO         8633    .text               mc_w.l(strcpy.o)
    0x080003fa   0x0000001e   Code   RO         8635    .text               mc_w.l(strncmp.o)
    0x08000418   0x0000002c   Code   RO         8917    .text               mc_w.l(uidiv.o)
    0x08000444   0x0000001e   Code   RO         8919    .text               mc_w.l(llshl.o)
    0x08000462   0x00000020   Code   RO         8921    .text               mc_w.l(llushr.o)
    0x08000482   0x00000002   PAD
    0x08000484   0x00000024   Code   RO         8934    .text               mc_w.l(init.o)
    0x080004a8   0x00000000   Code   RO         8936    .text               mc_w.l(semi.o)
    0x080004a8   0x00000000   Code   RO         8939    .text               mc_w.l(iusesemip.o)
    0x080004a8   0x00000056   Code   RO         8950    .text               mc_w.l(__dczerorl2.o)
    0x080004fe   0x00000002   PAD
    0x08000500   0x00000058   Code   RO          704    i.BSP_LED_Init      stm32f7xx_nucleo_144.o
    0x08000558   0x0000001c   Code   RO          705    i.BSP_LED_Off       stm32f7xx_nucleo_144.o
    0x08000574   0x0000001c   Code   RO          706    i.BSP_LED_On        stm32f7xx_nucleo_144.o
    0x08000590   0x00000002   Code   RO         3010    i.BusFault_Handler  stm32f7xx_it.o
    0x08000592   0x00000002   PAD
    0x08000594   0x0000007c   Code   RO         2751    i.CPU_CACHE_Enable  main.o
    0x08000610   0x00000090   Code   RO         2839    i.DHCP_thread       app_ethernet.o
    0x080006a0   0x00000002   Code   RO         3011    i.DebugMon_Handler  stm32f7xx_it.o
    0x080006a2   0x00000002   PAD
    0x080006a4   0x0000017c   Code   RO         2876    i.DynWebPage        httpserver-netconn.o
    0x08000820   0x0000002e   Code   RO         5091    i.ETH_FlushTransmitFIFO  stm32f7xx_hal_eth.o
    0x0800084e   0x00000002   PAD
    0x08000850   0x0000000c   Code   RO         3012    i.ETH_IRQHandler    stm32f7xx_it.o
    0x0800085c   0x00000124   Code   RO         5092    i.ETH_MACDMAConfig  stm32f7xx_hal_eth.o
    0x08000980   0x00000024   Code   RO         4646    i.HAL_Delay         stm32f7xx_hal.o
    0x080009a4   0x00000074   Code   RO         5095    i.HAL_ETH_DMARxDescListInit  stm32f7xx_hal_eth.o
    0x08000a18   0x00000084   Code   RO         5096    i.HAL_ETH_DMATxDescListInit  stm32f7xx_hal_eth.o
    0x08000a9c   0x00000002   Code   RO         5098    i.HAL_ETH_ErrorCallback  stm32f7xx_hal_eth.o
    0x08000a9e   0x0000008c   Code   RO         5100    i.HAL_ETH_GetReceivedFrame_IT  stm32f7xx_hal_eth.o
    0x08000b2a   0x00000076   Code   RO         5102    i.HAL_ETH_IRQHandler  stm32f7xx_hal_eth.o
    0x08000ba0   0x000001f0   Code   RO         5103    i.HAL_ETH_Init      stm32f7xx_hal_eth.o
    0x08000d90   0x000000dc   Code   RO         2926    i.HAL_ETH_MspInit   ethernetif.o
    0x08000e6c   0x00000086   Code   RO         5106    i.HAL_ETH_ReadPHYRegister  stm32f7xx_hal_eth.o
    0x08000ef2   0x00000002   PAD
    0x08000ef4   0x0000000c   Code   RO         2927    i.HAL_ETH_RxCpltCallback  ethernetif.o
    0x08000f00   0x00000084   Code   RO         5108    i.HAL_ETH_Start     stm32f7xx_hal_eth.o
    0x08000f84   0x00000112   Code   RO         5110    i.HAL_ETH_TransmitFrame  stm32f7xx_hal_eth.o
    0x08001096   0x00000002   Code   RO         5111    i.HAL_ETH_TxCpltCallback  stm32f7xx_hal_eth.o
    0x08001098   0x0000007a   Code   RO         5112    i.HAL_ETH_WritePHYRegister  stm32f7xx_hal_eth.o
    0x08001112   0x00000002   PAD
    0x08001114   0x000001d8   Code   RO         7019    i.HAL_GPIO_Init     stm32f7xx_hal_gpio.o
    0x080012ec   0x0000000a   Code   RO         7023    i.HAL_GPIO_WritePin  stm32f7xx_hal_gpio.o
    0x080012f6   0x00000002   PAD
    0x080012f8   0x0000000c   Code   RO         4654    i.HAL_GetTick       stm32f7xx_hal.o
    0x08001304   0x00000010   Code   RO         4660    i.HAL_IncTick       stm32f7xx_hal.o
    0x08001314   0x00000024   Code   RO         4661    i.HAL_Init          stm32f7xx_hal.o
    0x08001338   0x00000080   Code   RO         3080    i.HAL_InitTick      stm32f7xx_hal_timebase_tim.o
    0x080013b8   0x0000005c   Code   RO         7876    i.HAL_MPU_ConfigRegion  stm32f7xx_hal_cortex.o
    0x08001414   0x0000001c   Code   RO         7877    i.HAL_MPU_Disable   stm32f7xx_hal_cortex.o
    0x08001430   0x00000024   Code   RO         7878    i.HAL_MPU_Enable    stm32f7xx_hal_cortex.o
    0x08001454   0x00000002   Code   RO         4664    i.HAL_MspInit       stm32f7xx_hal.o
    0x08001456   0x0000001a   Code   RO         7881    i.HAL_NVIC_EnableIRQ  stm32f7xx_hal_cortex.o
    0x08001470   0x00000040   Code   RO         7887    i.HAL_NVIC_SetPriority  stm32f7xx_hal_cortex.o
    0x080014b0   0x00000024   Code   RO         7888    i.HAL_NVIC_SetPriorityGrouping  stm32f7xx_hal_cortex.o
    0x080014d4   0x0000006c   Code   RO         7362    i.HAL_PWREx_EnableOverDrive  stm32f7xx_hal_pwr_ex.o
    0x08001540   0x0000012c   Code   RO         5240    i.HAL_RCC_ClockConfig  stm32f7xx_hal_rcc.o
    0x0800166c   0x00000040   Code   RO         5244    i.HAL_RCC_GetClockConfig  stm32f7xx_hal_rcc.o
    0x080016ac   0x0000000c   Code   RO         5245    i.HAL_RCC_GetHCLKFreq  stm32f7xx_hal_rcc.o
    0x080016b8   0x00000020   Code   RO         5247    i.HAL_RCC_GetPCLK1Freq  stm32f7xx_hal_rcc.o
    0x080016d8   0x00000060   Code   RO         5249    i.HAL_RCC_GetSysClockFreq  stm32f7xx_hal_rcc.o
    0x08001738   0x00000338   Code   RO         5252    i.HAL_RCC_OscConfig  stm32f7xx_hal_rcc.o
    0x08001a70   0x00000002   Code   RO         6557    i.HAL_TIMEx_BreakCallback  stm32f7xx_hal_tim_ex.o
    0x08001a72   0x00000002   Code   RO         6558    i.HAL_TIMEx_CommutationCallback  stm32f7xx_hal_tim_ex.o
    0x08001a74   0x00000036   Code   RO         5622    i.HAL_TIM_Base_Init  stm32f7xx_hal_tim.o
    0x08001aaa   0x00000002   Code   RO         5624    i.HAL_TIM_Base_MspInit  stm32f7xx_hal_tim.o
    0x08001aac   0x00000018   Code   RO         5627    i.HAL_TIM_Base_Start_IT  stm32f7xx_hal_tim.o
    0x08001ac4   0x00000002   Code   RO         5651    i.HAL_TIM_IC_CaptureCallback  stm32f7xx_hal_tim.o
    0x08001ac6   0x0000017e   Code   RO         5664    i.HAL_TIM_IRQHandler  stm32f7xx_hal_tim.o
    0x08001c44   0x00000002   Code   RO         5667    i.HAL_TIM_OC_DelayElapsedCallback  stm32f7xx_hal_tim.o
    0x08001c46   0x00000002   Code   RO         5694    i.HAL_TIM_PWM_PulseFinishedCallback  stm32f7xx_hal_tim.o
    0x08001c48   0x00000004   Code   RO         3083    i.HAL_TIM_PeriodElapsedCallback  stm32f7xx_hal_timebase_tim.o
    0x08001c4c   0x00000002   Code   RO         5705    i.HAL_TIM_TriggerCallback  stm32f7xx_hal_tim.o
    0x08001c4e   0x00000002   Code   RO         3013    i.HardFault_Handler  stm32f7xx_it.o
    0x08001c50   0x000000bc   Code   RO         2752    i.MPU_Config        main.o
    0x08001d0c   0x00000002   Code   RO         3014    i.MemManage_Handler  stm32f7xx_it.o
    0x08001d0e   0x00000002   Code   RO         3015    i.NMI_Handler       stm32f7xx_it.o
    0x08001d10   0x00000078   Code   RO         2753    i.StartThread       main.o
    0x08001d88   0x00000004   Code   RO         3016    i.SysTick_Handler   stm32f7xx_it.o
    0x08001d8c   0x00000054   Code   RO          567    i.SystemInit        system_stm32f7xx.o
    0x08001de0   0x0000000c   Code   RO         3084    i.TIM6_DAC_IRQHandler  stm32f7xx_hal_timebase_tim.o
    0x08001dec   0x000000cc   Code   RO         5706    i.TIM_Base_SetConfig  stm32f7xx_hal_tim.o
    0x08001eb8   0x00000002   Code   RO         3017    i.UsageFault_Handler  stm32f7xx_it.o
    0x08001eba   0x00000002   PAD
    0x08001ebc   0x00000020   Code   RO         2840    i.User_notification  app_ethernet.o
    0x08001edc   0x00000020   Code   RO         8794    i.__0printf$6       mc_w.l(printf6.o)
    0x08001efc   0x00000028   Code   RO         8796    i.__0sprintf$6      mc_w.l(printf6.o)
    0x08001f24   0x00000022   Code   RO         7894    i.__NVIC_SetPriority  stm32f7xx_hal_cortex.o
    0x08001f46   0x0000000e   Code   RO         8944    i.__scatterload_copy  mc_w.l(handlers.o)
    0x08001f54   0x00000002   Code   RO         8945    i.__scatterload_null  mc_w.l(handlers.o)
    0x08001f56   0x0000000e   Code   RO         8946    i.__scatterload_zeroinit  mc_w.l(handlers.o)
    0x08001f64   0x000002f0   Code   RO         8801    i._printf_core      mc_w.l(printf6.o)
    0x08002254   0x00000024   Code   RO         8802    i._printf_post_padding  mc_w.l(printf6.o)
    0x08002278   0x0000002e   Code   RO         8803    i._printf_pre_padding  mc_w.l(printf6.o)
    0x080022a6   0x0000000a   Code   RO         8805    i._sputc            mc_w.l(printf6.o)
    0x080022b0   0x000000d8   Code   RO         2069    i.accept_function   api_msg.o
    0x08002388   0x0000001c   Code   RO         3815    i.cyclic_timer      timeouts.o
    0x080023a4   0x00000068   Code   RO          987    i.dhcp_arp_reply    dhcp.o
    0x0800240c   0x00000150   Code   RO          988    i.dhcp_bind         dhcp.o
    0x0800255c   0x00000034   Code   RO          989    i.dhcp_check        dhcp.o
    0x08002590   0x000000ac   Code   RO          991    i.dhcp_coarse_tmr   dhcp.o
    0x0800263c   0x00000290   Code   RO          992    i.dhcp_create_msg   dhcp.o
    0x080028cc   0x00000080   Code   RO          993    i.dhcp_dec_pcb_refcount  dhcp.o
    0x0800294c   0x00000088   Code   RO          994    i.dhcp_decline      dhcp.o
    0x080029d4   0x000000ec   Code   RO          995    i.dhcp_delete_msg   dhcp.o
    0x08002ac0   0x000000cc   Code   RO          996    i.dhcp_discover     dhcp.o
    0x08002b8c   0x00000034   Code   RO          997    i.dhcp_fine_tmr     dhcp.o
    0x08002bc0   0x00000064   Code   RO          998    i.dhcp_handle_ack   dhcp.o
    0x08002c24   0x000000b8   Code   RO          999    i.dhcp_inc_pcb_refcount  dhcp.o
    0x08002cdc   0x00000070   Code   RO         1002    i.dhcp_option       dhcp.o
    0x08002d4c   0x00000094   Code   RO         1003    i.dhcp_option_byte  dhcp.o
    0x08002de0   0x000000cc   Code   RO         1004    i.dhcp_option_long  dhcp.o
    0x08002eac   0x0000006c   Code   RO         1005    i.dhcp_option_short  dhcp.o
    0x08002f18   0x00000124   Code   RO         1006    i.dhcp_option_trailer  dhcp.o
    0x0800303c   0x00000354   Code   RO         1007    i.dhcp_parse_reply  dhcp.o
    0x08003390   0x000000b8   Code   RO         1008    i.dhcp_rebind       dhcp.o
    0x08003448   0x000000d4   Code   RO         1009    i.dhcp_reboot       dhcp.o
    0x0800351c   0x00000180   Code   RO         1010    i.dhcp_recv         dhcp.o
    0x0800369c   0x000000a8   Code   RO         1011    i.dhcp_release      dhcp.o
    0x08003744   0x000000b8   Code   RO         1012    i.dhcp_renew        dhcp.o
    0x080037fc   0x000000f8   Code   RO         1013    i.dhcp_select       dhcp.o
    0x080038f4   0x00000010   Code   RO         1014    i.dhcp_set_state    dhcp.o
    0x08003904   0x00000130   Code   RO         1016    i.dhcp_start        dhcp.o
    0x08003a34   0x000000a4   Code   RO         1017    i.dhcp_stop         dhcp.o
    0x08003ad8   0x0000001c   Code   RO         1018    i.dhcp_supplied_address  dhcp.o
    0x08003af4   0x00000066   Code   RO         1019    i.dhcp_timeout      dhcp.o
    0x08003b5a   0x00000002   PAD
    0x08003b5c   0x000000b8   Code   RO         3455    i.do_memp_free_pool  memp.o
    0x08003c14   0x000000c8   Code   RO         3456    i.do_memp_malloc_pool  memp.o
    0x08003cdc   0x00000058   Code   RO         1638    i.eTaskGetState     tasks.o
    0x08003d34   0x000001b0   Code   RO         2070    i.err_tcp           api_msg.o
    0x08003ee4   0x00000030   Code   RO         1285    i.etharp_cleanup_netif  etharp.o
    0x08003f14   0x00000224   Code   RO         1287    i.etharp_find_entry  etharp.o
    0x08004138   0x00000024   Code   RO         1288    i.etharp_free_entry  etharp.o
    0x0800415c   0x000000e4   Code   RO         1290    i.etharp_input      etharp.o
    0x08004240   0x00000174   Code   RO         1291    i.etharp_output     etharp.o
    0x080043b4   0x000000dc   Code   RO         1292    i.etharp_output_to_arp_index  etharp.o
    0x08004490   0x000001a0   Code   RO         1293    i.etharp_query      etharp.o
    0x08004630   0x0000013c   Code   RO         1294    i.etharp_raw        etharp.o
    0x0800476c   0x0000000c   Code   RO         1295    i.etharp_request    etharp.o
    0x08004778   0x00000020   Code   RO         1296    i.etharp_request_dst  etharp.o
    0x08004798   0x00000060   Code   RO         1297    i.etharp_tmr        etharp.o
    0x080047f8   0x000000e8   Code   RO         1298    i.etharp_update_arp_entry  etharp.o
    0x080048e0   0x000000a0   Code   RO         2557    i.ethernet_input    ethernet.o
    0x08004980   0x000000c4   Code   RO         2558    i.ethernet_output   ethernet.o
    0x08004a44   0x00000088   Code   RO         2928    i.ethernetif_init   ethernetif.o
    0x08004acc   0x00000034   Code   RO         2929    i.ethernetif_input  ethernetif.o
    0x08004b00   0x00000012   Code   RO         8914    i.fputc             mc_w.l(fputc.o)
    0x08004b12   0x00000002   Code   RO         8016    i.fs_close          fs.o
    0x08004b14   0x00000044   Code   RO         8017    i.fs_open           fs.o
    0x08004b58   0x00000024   Code   RO         2877    i.http_server_netconn_init  httpserver-netconn.o
    0x08004b7c   0x00000040   Code   RO         2878    i.http_server_netconn_thread  httpserver-netconn.o
    0x08004bbc   0x00000178   Code   RO         2879    i.http_server_serve  httpserver-netconn.o
    0x08004d34   0x00000008   Code   RO          782    i.icmp_dest_unreach  icmp.o
    0x08004d3c   0x000001b8   Code   RO          783    i.icmp_input        icmp.o
    0x08004ef4   0x000000d8   Code   RO          784    i.icmp_send_response  icmp.o
    0x08004fcc   0x00000008   Code   RO          785    i.icmp_time_exceeded  icmp.o
    0x08004fd4   0x0000000c   Code   RO          176    i.inHandlerMode     cmsis_os.o
    0x08004fe0   0x00000048   Code   RO         4209    i.inet_chksum_pbuf  inet_chksum.o
    0x08005028   0x0000002e   Code   RO         1386    i.ip4_addr_isbroadcast_u32  ip4_addr.o
    0x08005056   0x00000002   PAD
    0x08005058   0x0000021c   Code   RO          916    i.ip4_frag          ip4_frag.o
    0x08005274   0x000001c0   Code   RO         1219    i.ip4_input         ip4.o
    0x08005434   0x0000001e   Code   RO         1221    i.ip4_output_if     ip4.o
    0x08005452   0x00000002   PAD
    0x08005454   0x00000140   Code   RO         1222    i.ip4_output_if_src  ip4.o
    0x08005594   0x000001b4   Code   RO          917    i.ip4_reass         ip4_frag.o
    0x08005748   0x0000005c   Code   RO         1223    i.ip4_route         ip4.o
    0x080057a4   0x00000058   Code   RO          918    i.ip_frag_free_pbuf_custom_ref  ip4_frag.o
    0x080057fc   0x00000228   Code   RO          919    i.ip_reass_chain_frag_into_datagram_and_validate  ip4_frag.o
    0x08005a24   0x00000080   Code   RO          920    i.ip_reass_dequeue_datagram  ip4_frag.o
    0x08005aa4   0x00000154   Code   RO          921    i.ip_reass_free_complete_datagram  ip4_frag.o
    0x08005bf8   0x00000080   Code   RO          922    i.ip_reass_remove_oldest_datagram  ip4_frag.o
    0x08005c78   0x0000002c   Code   RO          923    i.ip_reass_tmr      ip4_frag.o
    0x08005ca4   0x00000060   Code   RO          924    i.ipfrag_free_pbuf_custom  ip4_frag.o
    0x08005d04   0x000000e4   Code   RO         2930    i.low_level_init    ethernetif.o
    0x08005de8   0x000000c4   Code   RO         2931    i.low_level_input   ethernetif.o
    0x08005eac   0x000000b0   Code   RO         2932    i.low_level_output  ethernetif.o
    0x08005f5c   0x00000004   Code   RO         3586    i.lwip_htonl        def.o
    0x08005f60   0x00000004   Code   RO         3587    i.lwip_htons        def.o
    0x08005f64   0x00000022   Code   RO         3629    i.lwip_init         init.o
    0x08005f86   0x00000060   Code   RO         2071    i.lwip_netconn_do_bind  api_msg.o
    0x08005fe6   0x00000002   PAD
    0x08005fe8   0x0000012c   Code   RO         2072    i.lwip_netconn_do_close  api_msg.o
    0x08006114   0x000002a8   Code   RO         2073    i.lwip_netconn_do_close_internal  api_msg.o
    0x080063bc   0x00000188   Code   RO         2076    i.lwip_netconn_do_delconn  api_msg.o
    0x08006544   0x000000e0   Code   RO         2079    i.lwip_netconn_do_listen  api_msg.o
    0x08006624   0x00000038   Code   RO         2080    i.lwip_netconn_do_newconn  api_msg.o
    0x0800665c   0x00000060   Code   RO         2081    i.lwip_netconn_do_recv  api_msg.o
    0x080066bc   0x00000148   Code   RO         2083    i.lwip_netconn_do_write  api_msg.o
    0x08006804   0x000002b4   Code   RO         2084    i.lwip_netconn_do_writemore  api_msg.o
    0x08006ab8   0x0000005c   Code   RO         4216    i.lwip_standard_chksum  inet_chksum.o
    0x08006b14   0x00000090   Code   RO         2754    i.main              main.o
    0x08006ba4   0x0000000e   Code   RO          178    i.makeFreeRtosPriority  cmsis_os.o
    0x08006bb2   0x00000002   PAD
    0x08006bb4   0x00000148   Code   RO         3654    i.mem_free          mem.o
    0x08006cfc   0x000000d4   Code   RO         3655    i.mem_init          mem.o
    0x08006dd0   0x00000220   Code   RO         3656    i.mem_malloc        mem.o
    0x08006ff0   0x000001b8   Code   RO         3657    i.mem_trim          mem.o
    0x080071a8   0x000000ac   Code   RO         3457    i.memp_free         memp.o
    0x08007254   0x00000020   Code   RO         3459    i.memp_init         memp.o
    0x08007274   0x0000002a   Code   RO         3460    i.memp_init_pool    memp.o
    0x0800729e   0x00000002   PAD
    0x080072a0   0x000000b4   Code   RO         3461    i.memp_malloc       memp.o
    0x08007354   0x00000108   Code   RO         2001    i.netbuf_data       netbuf.o
    0x0800745c   0x00000022   Code   RO         2002    i.netbuf_delete     netbuf.o
    0x0800747e   0x00000002   PAD
    0x08007480   0x00000104   Code   RO         2276    i.netconn_accept    api_lib.o
    0x08007584   0x000000d0   Code   RO         2085    i.netconn_alloc     api_msg.o
    0x08007654   0x00000016   Code   RO         2277    i.netconn_apimsg    api_lib.o
    0x0800766a   0x00000002   PAD
    0x0800766c   0x00000084   Code   RO         2278    i.netconn_bind      api_lib.o
    0x080076f0   0x00000006   Code   RO         2279    i.netconn_close     api_lib.o
    0x080076f6   0x00000002   PAD
    0x080076f8   0x00000080   Code   RO         2280    i.netconn_close_shutdown  api_lib.o
    0x08007778   0x0000002c   Code   RO         2282    i.netconn_delete    api_lib.o
    0x080077a4   0x000000a0   Code   RO         2086    i.netconn_drain     api_msg.o
    0x08007844   0x00000138   Code   RO         2087    i.netconn_free      api_msg.o
    0x0800797c   0x00000078   Code   RO         2285    i.netconn_listen_with_backlog  api_lib.o
    0x080079f4   0x00000144   Code   RO         2286    i.netconn_new_with_proto_and_callback  api_lib.o
    0x08007b38   0x00000108   Code   RO         2287    i.netconn_recv      api_lib.o
    0x08007c40   0x000001ac   Code   RO         2288    i.netconn_recv_data  api_lib.o
    0x08007dec   0x000000f0   Code   RO         2293    i.netconn_write_partly  api_lib.o
    0x08007edc   0x000000f0   Code   RO         4270    i.netif_add         netif.o
    0x08007fcc   0x00000002   Code   RO         4272    i.netif_init        netif.o
    0x08007fce   0x0000001a   Code   RO         4274    i.netif_issue_reports  netif.o
    0x08007fe8   0x00000048   Code   RO         4276    i.netif_set_addr    netif.o
    0x08008030   0x0000000c   Code   RO         4277    i.netif_set_default  netif.o
    0x0800803c   0x0000001a   Code   RO         4278    i.netif_set_down    netif.o
    0x08008056   0x00000008   Code   RO         4279    i.netif_set_gw      netif.o
    0x0800805e   0x00000002   PAD
    0x08008060   0x00000040   Code   RO         4280    i.netif_set_ipaddr  netif.o
    0x080080a0   0x00000008   Code   RO         4284    i.netif_set_netmask  netif.o
    0x080080a8   0x0000001c   Code   RO         4285    i.netif_set_up      netif.o
    0x080080c4   0x0000000e   Code   RO          180    i.osDelay           cmsis_os.o
    0x080080d2   0x0000000a   Code   RO          183    i.osKernelStart     cmsis_os.o
    0x080080dc   0x00000018   Code   RO          184    i.osKernelSysTick   cmsis_os.o
    0x080080f4   0x0000000a   Code   RO          192    i.osMessageCreate   cmsis_os.o
    0x080080fe   0x00000018   Code   RO          193    i.osMessageDelete   cmsis_os.o
    0x08008116   0x00000002   PAD
    0x08008118   0x00000098   Code   RO          194    i.osMessageGet      cmsis_os.o
    0x080081b0   0x0000005c   Code   RO          196    i.osMessagePut      cmsis_os.o
    0x0800820c   0x0000001e   Code   RO          197    i.osMessageWaiting  cmsis_os.o
    0x0800822a   0x00000006   Code   RO          198    i.osMutexCreate     cmsis_os.o
    0x08008230   0x00000050   Code   RO          200    i.osMutexRelease    cmsis_os.o
    0x08008280   0x0000006c   Code   RO          201    i.osMutexWait       cmsis_os.o
    0x080082ec   0x0000002c   Code   RO          209    i.osSemaphoreCreate  cmsis_os.o
    0x08008318   0x00000018   Code   RO          210    i.osSemaphoreDelete  cmsis_os.o
    0x08008330   0x00000050   Code   RO          212    i.osSemaphoreRelease  cmsis_os.o
    0x08008380   0x0000006c   Code   RO          213    i.osSemaphoreWait   cmsis_os.o
    0x080083ec   0x00000014   Code   RO          216    i.osSystickHandler  cmsis_os.o
    0x08008400   0x0000002e   Code   RO          217    i.osThreadCreate    cmsis_os.o
    0x0800842e   0x0000000a   Code   RO          220    i.osThreadList      cmsis_os.o
    0x08008438   0x0000000a   Code   RO          226    i.osThreadTerminate  cmsis_os.o
    0x08008442   0x00000002   PAD
    0x08008444   0x0000037c   Code   RO         3181    i.pbuf_alloc        pbuf.o
    0x080087c0   0x000000f0   Code   RO         3182    i.pbuf_alloced_custom  pbuf.o
    0x080088b0   0x00000140   Code   RO         3183    i.pbuf_cat          pbuf.o
    0x080089f0   0x00000012   Code   RO         3184    i.pbuf_chain        pbuf.o
    0x08008a02   0x00000012   Code   RO         3185    i.pbuf_clen         pbuf.o
    0x08008a14   0x000001fc   Code   RO         3187    i.pbuf_copy         pbuf.o
    0x08008c10   0x0000012c   Code   RO         3188    i.pbuf_copy_partial  pbuf.o
    0x08008d3c   0x0000018c   Code   RO         3190    i.pbuf_free         pbuf.o
    0x08008ec8   0x00000006   Code   RO         3192    i.pbuf_header       pbuf.o
    0x08008ece   0x00000006   Code   RO         3193    i.pbuf_header_force  pbuf.o
    0x08008ed4   0x00000134   Code   RO         3194    i.pbuf_header_impl  pbuf.o
    0x08009008   0x000001ac   Code   RO         3198    i.pbuf_realloc      pbuf.o
    0x080091b4   0x000000ac   Code   RO         3199    i.pbuf_ref          pbuf.o
    0x08009260   0x000000c4   Code   RO         2088    i.pcb_new           api_msg.o
    0x08009324   0x0000018c   Code   RO         3658    i.plug_holes        mem.o
    0x080094b0   0x000000b0   Code   RO         2089    i.poll_tcp          api_msg.o
    0x08009560   0x00000050   Code   RO         1640    i.prvAddCurrentTaskToDelayedList  tasks.o
    0x080095b0   0x000000c8   Code   RO         1641    i.prvAddNewTaskToReadyList  tasks.o
    0x08009678   0x00000050   Code   RO         1642    i.prvCheckTasksWaitingTermination  tasks.o
    0x080096c8   0x00000026   Code   RO         1454    i.prvCopyDataFromQueue  queue.o
    0x080096ee   0x0000006c   Code   RO         1455    i.prvCopyDataToQueue  queue.o
    0x0800975a   0x00000014   Code   RO         1643    i.prvDeleteTCB      tasks.o
    0x0800976e   0x00000002   PAD
    0x08009770   0x00000050   Code   RO            1    i.prvHeapInit       heap_4.o
    0x080097c0   0x00000028   Code   RO         1644    i.prvIdleTask       tasks.o
    0x080097e8   0x000000a0   Code   RO         1645    i.prvInitialiseNewTask  tasks.o
    0x08009888   0x0000004c   Code   RO            2    i.prvInsertBlockIntoFreeList  heap_4.o
    0x080098d4   0x0000001c   Code   RO         1456    i.prvIsQueueEmpty   queue.o
    0x080098f0   0x0000005a   Code   RO         1646    i.prvListTasksWithinSingleList  tasks.o
    0x0800994a   0x00000002   PAD
    0x0800994c   0x00000020   Code   RO         1647    i.prvResetNextTaskUnblockTime  tasks.o
    0x0800996c   0x00000030   Code   RO           90    i.prvTaskExitError  port.o
    0x0800999c   0x0000006a   Code   RO         1457    i.prvUnlockQueue    queue.o
    0x08009a06   0x00000002   PAD
    0x08009a08   0x000000e4   Code   RO            3    i.pvPortMalloc      heap_4.o
    0x08009aec   0x00000018   Code   RO         1648    i.pvTaskIncrementMutexHeldCount  tasks.o
    0x08009b04   0x00000030   Code   RO           91    i.pxPortInitialiseStack  port.o
    0x08009b34   0x00000130   Code   RO         2090    i.recv_tcp          api_msg.o
    0x08009c64   0x00000130   Code   RO         2091    i.recv_udp          api_msg.o
    0x08009d94   0x000000a4   Code   RO         2092    i.sent_tcp          api_msg.o
    0x08009e38   0x00000044   Code   RO         2093    i.setup_tcp         api_msg.o
    0x08009e7c   0x00000046   Code   RO         2589    i.sys_arch_mbox_fetch  sys_arch.o
    0x08009ec2   0x00000022   Code   RO         2590    i.sys_arch_mbox_tryfetch  sys_arch.o
    0x08009ee4   0x00000018   Code   RO         2591    i.sys_arch_protect  sys_arch.o
    0x08009efc   0x00000038   Code   RO         2592    i.sys_arch_sem_wait  sys_arch.o
    0x08009f34   0x0000000c   Code   RO         2593    i.sys_arch_unprotect  sys_arch.o
    0x08009f40   0x00000058   Code   RO         3816    i.sys_check_timeouts  timeouts.o
    0x08009f98   0x00000018   Code   RO         2594    i.sys_init          sys_arch.o
    0x08009fb0   0x00000014   Code   RO         2595    i.sys_mbox_free     sys_arch.o
    0x08009fc4   0x00000028   Code   RO         2596    i.sys_mbox_new      sys_arch.o
    0x08009fec   0x00000006   Code   RO         2598    i.sys_mbox_set_invalid  sys_arch.o
    0x08009ff2   0x00000014   Code   RO         2599    i.sys_mbox_trypost  sys_arch.o
    0x0800a006   0x0000000a   Code   RO         2600    i.sys_mbox_valid    sys_arch.o
    0x0800a010   0x0000000a   Code   RO         2602    i.sys_mutex_lock    sys_arch.o
    0x0800a01a   0x0000001c   Code   RO         2603    i.sys_mutex_new     sys_arch.o
    0x0800a036   0x00000006   Code   RO         2604    i.sys_mutex_unlock  sys_arch.o
    0x0800a03c   0x00000004   Code   RO         2933    i.sys_now           ethernetif.o
    0x0800a040   0x00000006   Code   RO         2605    i.sys_sem_free      sys_arch.o
    0x0800a046   0x0000002a   Code   RO         2606    i.sys_sem_new       sys_arch.o
    0x0800a070   0x00000006   Code   RO         2607    i.sys_sem_set_invalid  sys_arch.o
    0x0800a076   0x00000006   Code   RO         2608    i.sys_sem_signal    sys_arch.o
    0x0800a07c   0x0000000a   Code   RO         2609    i.sys_sem_valid     sys_arch.o
    0x0800a086   0x00000030   Code   RO         2610    i.sys_thread_new    sys_arch.o
    0x0800a0b6   0x00000002   PAD
    0x0800a0b8   0x0000010c   Code   RO         3818    i.sys_timeout       timeouts.o
    0x0800a1c4   0x00000034   Code   RO         3819    i.sys_timeouts_init  timeouts.o
    0x0800a1f8   0x00000048   Code   RO         3820    i.sys_timeouts_mbox_fetch  timeouts.o
    0x0800a240   0x00000180   Code   RO         3945    i.tcp_abandon       tcp.o
    0x0800a3c0   0x00000006   Code   RO         3946    i.tcp_abort         tcp.o
    0x0800a3c6   0x0000000e   Code   RO         3947    i.tcp_accept        tcp.o
    0x0800a3d4   0x0000000e   Code   RO         3948    i.tcp_accept_null   tcp.o
    0x0800a3e2   0x00000002   PAD
    0x0800a3e4   0x00000104   Code   RO         3949    i.tcp_alloc         tcp.o
    0x0800a4e8   0x00000008   Code   RO         3950    i.tcp_arg           tcp.o
    0x0800a4f0   0x00000134   Code   RO         3951    i.tcp_bind          tcp.o
    0x0800a624   0x00000014   Code   RO         3952    i.tcp_close         tcp.o
    0x0800a638   0x0000019c   Code   RO         3953    i.tcp_close_shutdown  tcp.o
    0x0800a7d4   0x000000d4   Code   RO         3954    i.tcp_close_shutdown_fin  tcp.o
    0x0800a8a8   0x000000f0   Code   RO         3710    i.tcp_create_segment  tcp_out.o
    0x0800a998   0x00000022   Code   RO         3957    i.tcp_eff_send_mss_impl  tcp.o
    0x0800a9ba   0x00000002   PAD
    0x0800a9bc   0x000001dc   Code   RO         3711    i.tcp_enqueue_flags  tcp_out.o
    0x0800ab98   0x000000b4   Code   RO         3958    i.tcp_err           tcp.o
    0x0800ac4c   0x0000006c   Code   RO         3959    i.tcp_fasttmr       tcp.o
    0x0800acb8   0x00000030   Code   RO         3880    i.tcp_getoptbyte    tcp_in.o
    0x0800ace8   0x00000002   Code   RO         3960    i.tcp_init          tcp.o
    0x0800acea   0x00000002   PAD
    0x0800acec   0x000005a8   Code   RO         3881    i.tcp_input         tcp_in.o
    0x0800b294   0x00000040   Code   RO         3882    i.tcp_input_delayed_close  tcp_in.o
    0x0800b2d4   0x00000052   Code   RO         3712    i.tcp_keepalive     tcp_out.o
    0x0800b326   0x00000002   PAD
    0x0800b328   0x000000cc   Code   RO         3961    i.tcp_kill_state    tcp.o
    0x0800b3f4   0x000000dc   Code   RO         3962    i.tcp_listen_closed  tcp.o
    0x0800b4d0   0x000000f4   Code   RO         3883    i.tcp_listen_input  tcp_in.o
    0x0800b5c4   0x00000134   Code   RO         3964    i.tcp_listen_with_backlog_and_err  tcp.o
    0x0800b6f8   0x0000004c   Code   RO         3965    i.tcp_netif_ip_addr_changed  tcp.o
    0x0800b744   0x00000022   Code   RO         3966    i.tcp_netif_ip_addr_changed_pcblist  tcp.o
    0x0800b766   0x00000006   Code   RO         3968    i.tcp_new_ip_type   tcp.o
    0x0800b76c   0x0000005c   Code   RO         3969    i.tcp_new_port      tcp.o
    0x0800b7c8   0x00000010   Code   RO         3970    i.tcp_next_iss      tcp.o
    0x0800b7d8   0x000002a4   Code   RO         3713    i.tcp_output        tcp_out.o
    0x0800ba7c   0x000000e0   Code   RO         3714    i.tcp_output_alloc_header  tcp_out.o
    0x0800bb5c   0x000000b0   Code   RO         3715    i.tcp_output_segment  tcp_out.o
    0x0800bc0c   0x00000074   Code   RO         3884    i.tcp_parseopt      tcp_in.o
    0x0800bc80   0x000000a8   Code   RO         3716    i.tcp_pbuf_prealloc  tcp_out.o
    0x0800bd28   0x0000003a   Code   RO         3971    i.tcp_pcb_purge     tcp.o
    0x0800bd62   0x00000002   PAD
    0x0800bd64   0x00000118   Code   RO         3972    i.tcp_pcb_remove    tcp.o
    0x0800be7c   0x000000ac   Code   RO         3973    i.tcp_poll          tcp.o
    0x0800bf28   0x00000458   Code   RO         3885    i.tcp_process       tcp_in.o
    0x0800c380   0x0000006a   Code   RO         3974    i.tcp_process_refused_data  tcp.o
    0x0800c3ea   0x00000002   PAD
    0x0800c3ec   0x00000644   Code   RO         3886    i.tcp_receive       tcp_in.o
    0x0800ca30   0x000000b0   Code   RO         3975    i.tcp_recv          tcp.o
    0x0800cae0   0x00000024   Code   RO         3976    i.tcp_recv_null     tcp.o
    0x0800cb04   0x00000120   Code   RO         3977    i.tcp_recved        tcp.o
    0x0800cc24   0x00000056   Code   RO         3717    i.tcp_rexmit        tcp_out.o
    0x0800cc7a   0x00000058   Code   RO         3718    i.tcp_rexmit_fast   tcp_out.o
    0x0800ccd2   0x00000030   Code   RO         3719    i.tcp_rexmit_rto    tcp_out.o
    0x0800cd02   0x00000002   PAD
    0x0800cd04   0x000000f0   Code   RO         3720    i.tcp_rst           tcp_out.o
    0x0800cdf4   0x0000001c   Code   RO         3978    i.tcp_seg_free      tcp.o
    0x0800ce10   0x00000012   Code   RO         3979    i.tcp_segs_free     tcp.o
    0x0800ce22   0x00000072   Code   RO         3721    i.tcp_send_empty_ack  tcp_out.o
    0x0800ce94   0x00000044   Code   RO         3722    i.tcp_send_fin      tcp_out.o
    0x0800ced8   0x000000b0   Code   RO         3980    i.tcp_sent          tcp.o
    0x0800cf88   0x0000004e   Code   RO         3982    i.tcp_shutdown      tcp.o
    0x0800cfd6   0x00000002   PAD
    0x0800cfd8   0x000004cc   Code   RO         3983    i.tcp_slowtmr       tcp.o
    0x0800d4a4   0x00000034   Code   RO         3822    i.tcp_timer_needed  timeouts.o
    0x0800d4d8   0x00000068   Code   RO         3887    i.tcp_timewait_input  tcp_in.o
    0x0800d540   0x00000020   Code   RO         3984    i.tcp_tmr           tcp.o
    0x0800d560   0x00000010   Code   RO         3888    i.tcp_trigger_input_pcb_close  tcp_in.o
    0x0800d570   0x000000d0   Code   RO         3986    i.tcp_update_rcv_ann_wnd  tcp.o
    0x0800d640   0x00000654   Code   RO         3723    i.tcp_write         tcp_out.o
    0x0800dc94   0x0000010c   Code   RO         3724    i.tcp_write_checks  tcp_out.o
    0x0800dda0   0x000000ae   Code   RO         3725    i.tcp_zero_window_probe  tcp_out.o
    0x0800de4e   0x00000002   PAD
    0x0800de50   0x00000118   Code   RO         2419    i.tcpip_init        tcpip.o
    0x0800df68   0x000000d0   Code   RO         2420    i.tcpip_inpkt       tcpip.o
    0x0800e038   0x0000001c   Code   RO         2421    i.tcpip_input       tcpip.o
    0x0800e054   0x00000020   Code   RO         2422    i.tcpip_send_msg_wait_sem  tcpip.o
    0x0800e074   0x00000038   Code   RO         3823    i.tcpip_tcp_timer   timeouts.o
    0x0800e0ac   0x00000108   Code   RO         2423    i.tcpip_thread      tcpip.o
    0x0800e1b4   0x000000b8   Code   RO         3354    i.udp_bind          udp.o
    0x0800e26c   0x00000050   Code   RO         3355    i.udp_connect       udp.o
    0x0800e2bc   0x00000002   Code   RO         3357    i.udp_init          udp.o
    0x0800e2be   0x00000002   PAD
    0x0800e2c0   0x000001ac   Code   RO         3358    i.udp_input         udp.o
    0x0800e46c   0x00000034   Code   RO         3359    i.udp_netif_ip_addr_changed  udp.o
    0x0800e4a0   0x0000001a   Code   RO         3360    i.udp_new           udp.o
    0x0800e4ba   0x00000004   Code   RO         3361    i.udp_new_ip_type   udp.o
    0x0800e4be   0x00000006   Code   RO         3362    i.udp_recv          udp.o
    0x0800e4c4   0x00000030   Code   RO         3363    i.udp_remove        udp.o
    0x0800e4f4   0x00000036   Code   RO         3366    i.udp_sendto_if     udp.o
    0x0800e52a   0x00000002   PAD
    0x0800e52c   0x00000154   Code   RO         3367    i.udp_sendto_if_src  udp.o
    0x0800e680   0x00000024   Code   RO         1963    i.uxListRemove      list.o
    0x0800e6a4   0x00000028   Code   RO         1460    i.uxQueueMessagesWaiting  queue.o
    0x0800e6cc   0x0000001a   Code   RO         1461    i.uxQueueMessagesWaitingFromISR  queue.o
    0x0800e6e6   0x00000002   PAD
    0x0800e6e8   0x00000098   Code   RO         1651    i.uxTaskGetSystemState  tasks.o
    0x0800e780   0x00000016   Code   RO         1964    i.vListInitialise   list.o
    0x0800e796   0x00000006   Code   RO         1965    i.vListInitialiseItem  list.o
    0x0800e79c   0x00000030   Code   RO         1966    i.vListInsert       list.o
    0x0800e7cc   0x00000018   Code   RO         1967    i.vListInsertEnd    list.o
    0x0800e7e4   0x00000048   Code   RO           93    i.vPortEnterCritical  port.o
    0x0800e82c   0x0000002c   Code   RO           94    i.vPortExitCritical  port.o
    0x0800e858   0x00000064   Code   RO            4    i.vPortFree         heap_4.o
    0x0800e8bc   0x00000020   Code   RO           95    i.vPortSetupTimerInterrupt  port.o
    0x0800e8dc   0x0000005c   Code   RO           96    i.vPortValidateInterruptPriority  port.o
    0x0800e938   0x00000028   Code   RO         1464    i.vQueueDelete      queue.o
    0x0800e960   0x00000028   Code   RO         1466    i.vQueueUnregisterQueue  queue.o
    0x0800e988   0x00000050   Code   RO         1656    i.vTaskDelay        tasks.o
    0x0800e9d8   0x000000b0   Code   RO         1657    i.vTaskDelete       tasks.o
    0x0800ea88   0x00000060   Code   RO         1659    i.vTaskGetInfo      tasks.o
    0x0800eae8   0x000000d4   Code   RO         1660    i.vTaskList         tasks.o
    0x0800ebbc   0x0000000c   Code   RO         1661    i.vTaskMissedYield  tasks.o
    0x0800ebc8   0x00000034   Code   RO         1663    i.vTaskPlaceOnEventList  tasks.o
    0x0800ebfc   0x00000088   Code   RO         1665    i.vTaskPriorityInherit  tasks.o
    0x0800ec84   0x00000028   Code   RO         1668    i.vTaskSetTimeOutState  tasks.o
    0x0800ecac   0x00000070   Code   RO         1669    i.vTaskStartScheduler  tasks.o
    0x0800ed1c   0x00000010   Code   RO         1670    i.vTaskSuspendAll   tasks.o
    0x0800ed2c   0x00000060   Code   RO         1671    i.vTaskSwitchContext  tasks.o
    0x0800ed8c   0x000000a8   Code   RO           97    i.xPortStartScheduler  port.o
    0x0800ee34   0x00000030   Code   RO           98    i.xPortSysTickHandler  port.o
    0x0800ee64   0x00000042   Code   RO         1467    i.xQueueCreateCountingSemaphore  queue.o
    0x0800eea6   0x00000024   Code   RO         1468    i.xQueueCreateMutex  queue.o
    0x0800eeca   0x00000056   Code   RO         1469    i.xQueueGenericCreate  queue.o
    0x0800ef20   0x0000017c   Code   RO         1470    i.xQueueGenericReceive  queue.o
    0x0800f09c   0x00000098   Code   RO         1471    i.xQueueGenericReset  queue.o
    0x0800f134   0x00000170   Code   RO         1472    i.xQueueGenericSend  queue.o
    0x0800f2a4   0x000000cc   Code   RO         1473    i.xQueueGenericSendFromISR  queue.o
    0x0800f370   0x000000ac   Code   RO         1474    i.xQueueGiveFromISR  queue.o
    0x0800f41c   0x000000a8   Code   RO         1479    i.xQueueReceiveFromISR  queue.o
    0x0800f4c4   0x00000070   Code   RO         1672    i.xTaskCheckForTimeOut  tasks.o
    0x0800f534   0x00000056   Code   RO         1673    i.xTaskCreate       tasks.o
    0x0800f58a   0x00000002   PAD
    0x0800f58c   0x0000001c   Code   RO         1677    i.xTaskGetSchedulerState  tasks.o
    0x0800f5a8   0x0000000c   Code   RO         1678    i.xTaskGetTickCount  tasks.o
    0x0800f5b4   0x00000010   Code   RO         1679    i.xTaskGetTickCountFromISR  tasks.o
    0x0800f5c4   0x000000cc   Code   RO         1680    i.xTaskIncrementTick  tasks.o
    0x0800f690   0x000000a8   Code   RO         1683    i.xTaskPriorityDisinherit  tasks.o
    0x0800f738   0x00000078   Code   RO         1684    i.xTaskRemoveFromEventList  tasks.o
    0x0800f7b0   0x000000c8   Code   RO         1686    i.xTaskResumeAll    tasks.o
    0x0800f878   0x00000010   Data   RO          568    .constdata          system_stm32f7xx.o
    0x0800f888   0x00000008   Data   RO          569    .constdata          system_stm32f7xx.o
    0x0800f890   0x0000000a   Data   RO          711    .constdata          stm32f7xx_nucleo_144.o
    0x0800f89a   0x00000002   PAD
    0x0800f89c   0x00000004   Data   RO         1393    .constdata          ip4_addr.o
    0x0800f8a0   0x00000004   Data   RO         1394    .constdata          ip4_addr.o
    0x0800f8a4   0x00000006   Data   RO         2559    .constdata          ethernet.o
    0x0800f8aa   0x00000006   Data   RO         2560    .constdata          ethernet.o
    0x0800f8b0   0x0000000c   Data   RO         2611    .constdata          sys_arch.o
    0x0800f8bc   0x00000028   Data   RO         2756    .constdata          main.o
    0x0800f8e4   0x0000063c   Data   RO         2880    .constdata          httpserver-netconn.o
    0x0800ff20   0x00000014   Data   RO         2939    .constdata          ethernetif.o
    0x0800ff34   0x0000000c   Data   RO         3476    .constdata          memp.o
    0x0800ff40   0x0000000c   Data   RO         3477    .constdata          memp.o
    0x0800ff4c   0x0000000c   Data   RO         3478    .constdata          memp.o
    0x0800ff58   0x0000000c   Data   RO         3479    .constdata          memp.o
    0x0800ff64   0x0000000c   Data   RO         3480    .constdata          memp.o
    0x0800ff70   0x0000000c   Data   RO         3481    .constdata          memp.o
    0x0800ff7c   0x0000000c   Data   RO         3482    .constdata          memp.o
    0x0800ff88   0x0000000c   Data   RO         3483    .constdata          memp.o
    0x0800ff94   0x0000000c   Data   RO         3484    .constdata          memp.o
    0x0800ffa0   0x0000000c   Data   RO         3485    .constdata          memp.o
    0x0800ffac   0x0000000c   Data   RO         3486    .constdata          memp.o
    0x0800ffb8   0x0000000c   Data   RO         3487    .constdata          memp.o
    0x0800ffc4   0x0000000c   Data   RO         3488    .constdata          memp.o
    0x0800ffd0   0x00000034   Data   RO         3489    .constdata          memp.o
    0x08010004   0x00000028   Data   RO         3824    .constdata          timeouts.o
    0x0801002c   0x00000054   Data   RO         3987    .constdata          tcp.o
    0x08010080   0x00000a82   Data   RO         8018    .constdata          fs.o
    0x08010b02   0x00001377   Data   RO         8019    .constdata          fs.o
    0x08011e79   0x00004475   Data   RO         8020    .constdata          fs.o
    0x080162ee   0x000004d6   Data   RO         8021    .constdata          fs.o
    0x080167c4   0x00002523   Data   RO         8022    .constdata          fs.o
    0x08018ce7   0x00000001   PAD
    0x08018ce8   0x00000014   Data   RO         8023    .constdata          fs.o
    0x08018cfc   0x00000014   Data   RO         8024    .constdata          fs.o
    0x08018d10   0x00000014   Data   RO         8025    .constdata          fs.o
    0x08018d24   0x00000014   Data   RO         8026    .constdata          fs.o
    0x08018d38   0x00000014   Data   RO         8027    .constdata          fs.o
    0x08018d4c   0x00000044   Data   RO          786    .conststring        icmp.o
    0x08018d90   0x00000048   Data   RO          925    .conststring        ip4_frag.o
    0x08018dd8   0x000000d0   Data   RO         1021    .conststring        dhcp.o
    0x08018ea8   0x00000043   Data   RO         1224    .conststring        ip4.o
    0x08018eeb   0x00000001   PAD
    0x08018eec   0x0000008a   Data   RO         1300    .conststring        etharp.o
    0x08018f76   0x00000002   PAD
    0x08018f78   0x00000041   Data   RO         2094    .conststring        api_msg.o
    0x08018fb9   0x00000003   PAD
    0x08018fbc   0x00000041   Data   RO         2294    .conststring        api_lib.o
    0x08018ffd   0x00000003   PAD
    0x08019000   0x00000044   Data   RO         2561    .conststring        ethernet.o
    0x08019044   0x0000000e   Data   RO         2757    .conststring        main.o
    0x08019052   0x00000002   PAD
    0x08019054   0x00000006   Data   RO         2940    .conststring        ethernetif.o
    0x0801905a   0x00000002   PAD
    0x0801905c   0x0000009a   Data   RO         3726    .conststring        tcp_out.o
    0x080190f6   0x00000002   PAD
    0x080190f8   0x00000043   Data   RO         3825    .conststring        timeouts.o
    0x0801913b   0x00000001   PAD
    0x0801913c   0x00000041   Data   RO         3890    .conststring        tcp_in.o
    0x0801917d   0x00000003   PAD
    0x08019180   0x00000075   Data   RO         3988    .conststring        tcp.o
    0x080191f5   0x00000003   PAD
    0x080191f8   0x00000020   Data   RO         8942    Region$$Table       anon$$obj.o


    Execution Region RW_IRAM1 (Base: 0x20000000, Size: 0x0004f0a0, Max: 0x00050000, ABSOLUTE, COMPRESSED[0x00000024])

    Base Addr    Size         Type   Attr      Idx    E Section Name        Object

    0x20000000   0x00000018   Data   RW            9    .data               heap_4.o
    0x20000018   0x0000000c   Data   RW           99    .data               port.o
    0x20000024   0x00000004   Data   RW          570    .data               system_stm32f7xx.o
    0x20000028   0x00000010   Data   RW          712    .data               stm32f7xx_nucleo_144.o
    0x20000038   0x00000008   Data   RW          926    .data               ip4_frag.o
    0x20000040   0x00000014   Data   RW         1022    .data               dhcp.o
    0x20000054   0x00000002   Data   RW         1225    .data               ip4.o
    0x20000056   0x00000001   Data   RW         1301    .data               etharp.o
    0x20000057   0x00000001   PAD
    0x20000058   0x0000003c   Data   RW         1688    .data               tasks.o
    0x20000094   0x00000001   Data   RW         2095    .data               api_msg.o
    0x20000095   0x00000003   PAD
    0x20000098   0x00000010   Data   RW         2425    .data               tcpip.o
    0x200000a8   0x00000004   Data   RW         2613    .data               sys_arch.o
    0x200000ac   0x00000001   Data   RW         2841    .data               app_ethernet.o
    0x200000ad   0x00000003   PAD
    0x200000b0   0x00000004   Data   RW         2881    .data               httpserver-netconn.o
    0x200000b4   0x00000004   Data   RW         2941    .data               ethernetif.o
    0x200000b8   0x00000008   Data   RW         3368    .data               udp.o
    0x200000c0   0x00000004   Data   RW         3490    .data               memp.o
    0x200000c4   0x00000004   Data   RW         3491    .data               memp.o
    0x200000c8   0x00000004   Data   RW         3492    .data               memp.o
    0x200000cc   0x00000004   Data   RW         3493    .data               memp.o
    0x200000d0   0x00000004   Data   RW         3494    .data               memp.o
    0x200000d4   0x00000004   Data   RW         3495    .data               memp.o
    0x200000d8   0x00000004   Data   RW         3496    .data               memp.o
    0x200000dc   0x00000004   Data   RW         3497    .data               memp.o
    0x200000e0   0x00000004   Data   RW         3498    .data               memp.o
    0x200000e4   0x00000004   Data   RW         3499    .data               memp.o
    0x200000e8   0x00000004   Data   RW         3500    .data               memp.o
    0x200000ec   0x00000004   Data   RW         3501    .data               memp.o
    0x200000f0   0x00000004   Data   RW         3502    .data               memp.o
    0x200000f4   0x00000010   Data   RW         3660    .data               mem.o
    0x20000104   0x0000000c   Data   RW         3826    .data               timeouts.o
    0x20000110   0x00000024   Data   RW         3891    .data               tcp_in.o
    0x20000134   0x00000020   Data   RW         3989    .data               tcp.o
    0x20000154   0x0000000c   Data   RW         4286    .data               netif.o
    0x20000160   0x0000000c   Data   RW         4668    .data               stm32f7xx_hal.o
    0x2000016c   0x00000004   Data   RW         8615    .data               mc_w.l(rand.o)
    0x20000170   0x00000004   Data   RW         8916    .data               mc_w.l(stdout.o)
    0x20000174   0x00005000   Zero   RW            8    .bss                heap_4.o
    0x20005174   0x00000020   Zero   RW         1020    .bss                dhcp.o
    0x20005194   0x000000f0   Zero   RW         1299    .bss                etharp.o
    0x20005284   0x00000040   Zero   RW         1481    .bss                queue.o
    0x200052c4   0x000000dc   Zero   RW         1687    .bss                tasks.o
    0x200053a0   0x00000038   Zero   RW         2755    .bss                main.o
    0x200053d8   0x00000048   Zero   RW         2938    .bss                ethernetif.o
    0x20005420   0x00000040   Zero   RW         3085    .bss                stm32f7xx_hal_timebase_tim.o
    0x20005460   0x000000c3   Zero   RW         3463    .bss                memp.o
    0x20005523   0x000005cb   Zero   RW         3464    .bss                memp.o
    0x20005aee   0x0000008f   Zero   RW         3465    .bss                memp.o
    0x20005b7d   0x00000083   Zero   RW         3466    .bss                memp.o
    0x20005c00   0x000000a3   Zero   RW         3467    .bss                memp.o
    0x20005ca3   0x0000016b   Zero   RW         3468    .bss                memp.o
    0x20005e0e   0x00000023   Zero   RW         3469    .bss                memp.o
    0x20005e31   0x000000a3   Zero   RW         3470    .bss                memp.o
    0x20005ed4   0x00000083   Zero   RW         3471    .bss                memp.o
    0x20005f57   0x00000083   Zero   RW         3472    .bss                memp.o
    0x20005fda   0x000000a3   Zero   RW         3473    .bss                memp.o
    0x2000607d   0x000000a3   Zero   RW         3474    .bss                memp.o
    0x20006120   0x00003023   Zero   RW         3475    .bss                memp.o
    0x20009143   0x00002813   Zero   RW         3659    .bss                mem.o
    0x2000b956   0x00000002   PAD
    0x2000b958   0x00000018   Zero   RW         3698    .bss                ip.o
    0x2000b970   0x00000010   Zero   RW         3889    .bss                tcp_in.o
    0x2000b980   0x00000460   Zero   RW         8008    STACK               startup_stm32f746xx.o
    0x2000bde0   0x00040220   PAD
    0x2004c000   0x00000080   Zero   RW         2934    .ARM.__AT_0x2004C000  ethernetif.o
    0x2004c080   0x00000080   Zero   RW         2935    .ARM.__AT_0x2004C080  ethernetif.o
    0x2004c100   0x000017d0   Zero   RW         2936    .ARM.__AT_0x2004C100  ethernetif.o
    0x2004d8d0   0x000017d0   Zero   RW         2937    .ARM.__AT_0x2004D8D0  ethernetif.o


==============================================================================

Image component sizes


      Code (inc. data)   RO Data    RW Data    ZI Data      Debug   Object Name

      1968        914         65          0          0      26939   api_lib.o
      5404       1732         65          1          0      43146   api_msg.o
       176         18          0          1          0       3675   app_ethernet.o
       918         34          0          0          0      39660   cmsis_os.o
         0          0          0          0          0       8376   croutine.o
         8          0          0          0          0       1282   def.o
      6070       1866        208         20         32      37455   dhcp.o
         0          0          0          0          0       2512   err.o
      2556        808        138          1        240      13983   etharp.o
       356        104         80          0          0       3074   ethernet.o
      1024        166         26          4      12520       7418   ethernetif.o
        70          4      36043          0          0       5223   fs.o
       484         24          0         24      20480      16351   heap_4.o
       856        420       1596          4          0      12064   httpserver-netconn.o
       672        244         68          0          0      25063   icmp.o
         0          0          0          0          0       1720   igmp.o
       164          0          0          0          0       2951   inet_chksum.o
        34          0          0          0          0        668   init.o
         0          0          0          0         24       3230   ip.o
       890        134         67          2          0       7320   ip4.o
        46          0          8          0          0       9782   ip4_addr.o
      2352        684         72          8          0      15149   ip4_frag.o
       136          0          0          0          0       4098   list.o
       576         40         54          0         56      42063   main.o
      1920        998          0         16      10259       6229   mem.o
       810        564        208         52      15587      11948   memp.o
       298        192          0          0          0      10630   netbuf.o
       486        142          0         12          0      11201   netif.o
      3612       1964          0          0          0      14955   pbuf.o
       738         82          0         12          0      13013   port.o
      2058         18          0          0         64      30913   queue.o
        36          8        456          0       1120        864   startup_stm32f746xx.o
       102         18          0         12          0       4432   stm32f7xx_hal.o
       316         28          0          0          0      40648   stm32f7xx_hal_cortex.o
      2006         64          0          0          0      13928   stm32f7xx_hal_eth.o
       482         54          0          0          0       2860   stm32f7xx_hal_gpio.o
       108          8          0          0          0       1464   stm32f7xx_hal_pwr_ex.o
      1328         66          0          0          0       6338   stm32f7xx_hal_rcc.o
       674         46          0          0          0       8152   stm32f7xx_hal_tim.o
         4          0          0          0          0       1954   stm32f7xx_hal_tim_ex.o
       144         24          0          0         64       2765   stm32f7xx_hal_timebase_tim.o
        28          6          0          0          0       4116   stm32f7xx_it.o
       144         32         10         16          0       6234   stm32f7xx_nucleo_144.o
       478         26         12          4          0      20908   sys_arch.o
        84         16         24          4          0     835087   system_stm32f7xx.o
      2940        234          0         60        220      32996   tasks.o
      5802       2550        201         32          0      41268   tcp.o
      4756        976         65         36         16      20243   tcp_in.o
      4748       1332        154          0          0      29202   tcp_out.o
       812        472          0         16          0      10072   tcpip.o
       616        178        107         12          0       7716   timeouts.o
      1224        312          0          8          0      12530   udp.o

    ----------------------------------------------------------------------
     61588      17602      39784        364     323372    1535868   Object Totals
         0          0         32          0          0          0   (incl. Generated)
        74          0         25          7     262690          0   (incl. Padding)

    ----------------------------------------------------------------------

      Code (inc. data)   RO Data    RW Data    ZI Data      Debug   Library Member Name

        86          0          0          0          0          0   __dczerorl2.o
         0          0          0          0          0          0   entry.o
         0          0          0          0          0          0   entry10a.o
         0          0          0          0          0          0   entry11a.o
         8          4          0          0          0          0   entry2.o
         4          0          0          0          0          0   entry5.o
         0          0          0          0          0          0   entry7b.o
         0          0          0          0          0          0   entry8b.o
         8          4          0          0          0          0   entry9a.o
        18          0          0          0          0         80   fputc.o
        30          0          0          0          0          0   handlers.o
        36          8          0          0          0         68   init.o
         0          0          0          0          0          0   iusesemip.o
        30          0          0          0          0         68   llshl.o
        32          0          0          0          0         68   llushr.o
        26          0          0          0          0         80   memcmp.o
        36          0          0          0          0         68   memcpya.o
        36          0          0          0          0        108   memseta.o
       916         20          0          0          0        504   printf6.o
        36         10          0          4          0        136   rand.o
         0          0          0          0          0          0   semi.o
         0          0          0          4          0          0   stdout.o
        24          0          0          0          0         68   strcat.o
        28          0          0          0          0         76   strcmp.o
        18          0          0          0          0         68   strcpy.o
        14          0          0          0          0         68   strlen.o
        30          0          0          0          0         80   strncmp.o
        44          0          0          0          0         80   uidiv.o
        98          0          0          0          0         92   uldiv.o

    ----------------------------------------------------------------------
      1564         46          0          8          0       1712   Library Totals
         6          0          0          0          0          0   (incl. Padding)

    ----------------------------------------------------------------------

      Code (inc. data)   RO Data    RW Data    ZI Data      Debug   Library Name

      1558         46          0          8          0       1712   mc_w.l

    ----------------------------------------------------------------------
      1564         46          0          8          0       1712   Library Totals

    ----------------------------------------------------------------------

==============================================================================


      Code (inc. data)   RO Data    RW Data    ZI Data      Debug   

     63152      17648      39784        372     323372    1497280   Grand Totals
     63152      17648      39784         36     323372    1497280   ELF Image Totals (compressed)
     63152      17648      39784         36          0          0   ROM Totals

==============================================================================

    Total RO  Size (Code + RO Data)               102936 ( 100.52kB)
    Total RW  Size (RW Data + ZI Data)            323744 ( 316.16kB)
    Total ROM Size (Code + RO Data + RW Data)     102972 ( 100.56kB)

==============================================================================

